::1 - - [02/Feb/2026:20:05:42 +0000] "GET / HTTP/1.1" - -
::1 - - [02/Feb/2026:20:05:48 +0000] "GET / HTTP/1.1" - -
::1 - - [02/Feb/2026:20:05:48 +0000] "GET / HTTP/1.1" - -
::1 - - [02/Feb/2026:20:05:49 +0000] "GET / HTTP/1.1" - -
::1 - - [02/Feb/2026:20:05:49 +0000] "GET /favicon.ico HTTP/1.1" - -
::1 - - [02/Feb/2026:20:05:53 +0000] "GET / HTTP/1.1" - -
::1 - - [03/Feb/2026:16:09:08 +0000] "GET / HTTP/1.1" - -
::1 - - [03/Feb/2026:16:09:08 +0000] "GET /favicon.ico HTTP/1.1" - -
::1 - - [03/Feb/2026:16:09:29 +0000] "GET / HTTP/1.1" - -
::1 - - [03/Feb/2026:16:10:48 +0000] "GET / HTTP/1.1" - -
::1 - - [03/Feb/2026:16:10:49 +0000] "GET / HTTP/1.1" - -
::1 - - [03/Feb/2026:16:10:49 +0000] "GET / HTTP/1.1" - -
::1 - - [03/Feb/2026:16:10:49 +0000] "GET / HTTP/1.1" - -
::1 - - [03/Feb/2026:16:10:49 +0000] "GET / HTTP/1.1" - -
::1 - - [03/Feb/2026:16:10:50 +0000] "GET / HTTP/1.1" - -
::1 - - [03/Feb/2026:16:10:50 +0000] "GET / HTTP/1.1" - -
::1 - - [03/Feb/2026:16:10:50 +0000] "GET / HTTP/1.1" - -
::1 - - [03/Feb/2026:16:10:50 +0000] "GET / HTTP/1.1" - -
::1 - - [03/Feb/2026:16:10:54 +0000] "GET / HTTP/1.1" - -
::1 - - [03/Feb/2026:16:25:05 +0000] "GET / HTTP/1.1" - -
::1 - - [03/Feb/2026:16:25:25 +0000] "GET / HTTP/1.1" - -
::1 - - [04/Feb/2026:11:38:29 +0000] "GET / HTTP/1.1" - -
::1 - - [04/Feb/2026:11:38:29 +0000] "GET /artista HTTP/1.1" - -
::1 - - [04/Feb/2026:11:38:29 +0000] "GET /style.css HTTP/1.1" - -
::1 - - [04/Feb/2026:11:38:29 +0000] "GET /favicon.ico HTTP/1.1" - -
::1 - - [04/Feb/2026:11:41:37 +0000] "GET /artista/form/1 HTTP/1.1" - -
::1 - - [04/Feb/2026:11:41:37 +0000] "GET /style.css HTTP/1.1" - -
::1 - - [04/Feb/2026:11:41:41 +0000] "GET /artista/form/1 HTTP/1.1" - -
::1 - - [04/Feb/2026:11:41:41 +0000] "GET /style.css HTTP/1.1" - -
::1 - - [04/Feb/2026:11:41:45 +0000] "POST /artista/save HTTP/1.1" - -
::1 - - [04/Feb/2026:11:41:45 +0000] "GET /artista HTTP/1.1" - -
::1 - - [04/Feb/2026:11:41:45 +0000] "GET /style.css HTTP/1.1" - -
::1 - - [04/Feb/2026:11:41:45 +0000] "GET /undefined HTTP/1.1" - -
::1 - - [04/Feb/2026:11:43:08 +0000] "GET /artista HTTP/1.1" - -
::1 - - [04/Feb/2026:11:43:08 +0000] "GET /style.css HTTP/1.1" - -
::1 - - [04/Feb/2026:11:43:08 +0000] "GET /undefined HTTP/1.1" - -
::1 - - [04/Feb/2026:11:43:08 +0000] "GET /artista HTTP/1.1" - -
::1 - - [04/Feb/2026:11:43:08 +0000] "GET /style.css HTTP/1.1" - -
::1 - - [04/Feb/2026:11:43:08 +0000] "GET /undefined HTTP/1.1" - -
::1 - - [04/Feb/2026:11:43:08 +0000] "GET /artista HTTP/1.1" - -
::1 - - [04/Feb/2026:11:43:08 +0000] "GET /style.css HTTP/1.1" - -
::1 - - [04/Feb/2026:11:43:08 +0000] "GET /undefined HTTP/1.1" - -
::1 - - [04/Feb/2026:11:43:09 +0000] "GET /artista HTTP/1.1" - -
::1 - - [04/Feb/2026:11:43:09 +0000] "GET /style.css HTTP/1.1" - -
::1 - - [04/Feb/2026:11:43:09 +0000] "GET /undefined HTTP/1.1" - -
::1 - - [04/Feb/2026:11:43:09 +0000] "GET /artista HTTP/1.1" - -
::1 - - [04/Feb/2026:11:43:09 +0000] "GET /style.css HTTP/1.1" - -
::1 - - [04/Feb/2026:11:43:09 +0000] "GET /undefined HTTP/1.1" - -
::1 - - [04/Feb/2026:11:43:13 +0000] "GET /artista HTTP/1.1" - -
::1 - - [04/Feb/2026:11:43:13 +0000] "GET /style.css HTTP/1.1" - -
::1 - - [04/Feb/2026:11:43:15 +0000] "GET /artista/form/1 HTTP/1.1" - -
::1 - - [04/Feb/2026:11:43:15 +0000] "GET /style.css HTTP/1.1" - -
::1 - - [04/Feb/2026:11:43:16 +0000] "POST /artista/save HTTP/1.1" - -
::1 - - [04/Feb/2026:11:43:16 +0000] "GET /artista HTTP/1.1" - -
::1 - - [04/Feb/2026:11:43:17 +0000] "GET /style.css HTTP/1.1" - -
::ffff:127.0.0.1 - - [04/Feb/2026:11:43:17 +0000] "GET /undefined HTTP/1.1" - -
::1 - - [04/Feb/2026:11:43:49 +0000] "GET /artista HTTP/1.1" - -
::1 - - [04/Feb/2026:11:43:49 +0000] "GET /style.css HTTP/1.1" - -
::1 - - [04/Feb/2026:11:43:50 +0000] "GET /artista/form/1 HTTP/1.1" - -
::1 - - [04/Feb/2026:11:43:50 +0000] "GET /style.css HTTP/1.1" - -
::1 - - [04/Feb/2026:11:43:54 +0000] "POST /artista/save HTTP/1.1" - -
::1 - - [04/Feb/2026:11:43:54 +0000] "GET /artista HTTP/1.1" - -
::1 - - [04/Feb/2026:11:43:54 +0000] "GET /style.css HTTP/1.1" - -
::ffff:127.0.0.1 - - [04/Feb/2026:11:44:07 +0000] "GET /artista/form/1 HTTP/1.1" - -
::ffff:127.0.0.1 - - [04/Feb/2026:11:44:07 +0000] "GET /style.css HTTP/1.1" - -
::ffff:127.0.0.1 - - [04/Feb/2026:11:44:10 +0000] "POST /artista/save HTTP/1.1" - -
::ffff:127.0.0.1 - - [04/Feb/2026:11:44:10 +0000] "GET /artista HTTP/1.1" - -
::ffff:127.0.0.1 - - [04/Feb/2026:11:44:10 +0000] "GET /style.css HTTP/1.1" - -
::1 - - [04/Feb/2026:11:44:23 +0000] "GET /artista/form/1 HTTP/1.1" - -
::1 - - [04/Feb/2026:11:44:23 +0000] "GET /style.css HTTP/1.1" - -
::1 - - [04/Feb/2026:11:46:52 +0000] "POST /artista/save HTTP/1.1" - -
::1 - - [04/Feb/2026:11:46:52 +0000] "GET /artista HTTP/1.1" - -
::1 - - [04/Feb/2026:11:46:52 +0000] "GET /style.css HTTP/1.1" - -
::1 - - [04/Feb/2026:11:46:53 +0000] "GET /artista/form/1 HTTP/1.1" - -
::1 - - [04/Feb/2026:11:46:53 +0000] "GET /style.css HTTP/1.1" - -
::1 - - [04/Feb/2026:11:46:56 +0000] "POST /artista/save HTTP/1.1" - -
::1 - - [04/Feb/2026:11:46:56 +0000] "GET /artista HTTP/1.1" - -
::1 - - [04/Feb/2026:11:46:57 +0000] "GET /style.css HTTP/1.1" - -
::1 - - [04/Feb/2026:11:54:09 +0000] "GET /artista HTTP/1.1" - -
::1 - - [04/Feb/2026:11:54:09 +0000] "GET /style.css HTTP/1.1" - -
::1 - - [04/Feb/2026:11:54:14 +0000] "GET /artista HTTP/1.1" - -
::1 - - [04/Feb/2026:11:54:14 +0000] "GET /style.css HTTP/1.1" - -
::1 - - [04/Feb/2026:11:54:15 +0000] "GET /artista HTTP/1.1" - -
::1 - - [04/Feb/2026:11:54:15 +0000] "GET /style.css HTTP/1.1" - -
::1 - - [04/Feb/2026:11:54:15 +0000] "GET /artista HTTP/1.1" - -
::1 - - [04/Feb/2026:11:54:15 +0000] "GET /style.css HTTP/1.1" - -
::1 - - [04/Feb/2026:11:54:15 +0000] "GET /artista HTTP/1.1" - -
::1 - - [04/Feb/2026:11:54:15 +0000] "GET /style.css HTTP/1.1" - -
::1 - - [04/Feb/2026:11:54:15 +0000] "GET /artista HTTP/1.1" - -
::1 - - [04/Feb/2026:11:54:15 +0000] "GET /style.css HTTP/1.1" - -
::1 - - [04/Feb/2026:11:54:15 +0000] "GET /artista HTTP/1.1" - -
::1 - - [04/Feb/2026:11:54:15 +0000] "GET /style.css HTTP/1.1" - -
::1 - - [04/Feb/2026:11:54:15 +0000] "GET /artista HTTP/1.1" - -
::1 - - [04/Feb/2026:11:54:15 +0000] "GET /style.css HTTP/1.1" - -
::1 - - [04/Feb/2026:11:54:17 +0000] "GET /style.css HTTP/1.1" - -
::1 - - [04/Feb/2026:11:54:17 +0000] "GET /.well-known/appspecific/com.chrome.devtools.json HTTP/1.1" - -
::1 - - [04/Feb/2026:11:55:27 +0000] "GET /artista HTTP/1.1" - -
::1 - - [04/Feb/2026:11:55:27 +0000] "GET /.well-known/appspecific/com.chrome.devtools.json HTTP/1.1" - -
::1 - - [04/Feb/2026:11:57:51 +0000] "GET /artista HTTP/1.1" - -
::1 - - [04/Feb/2026:11:58:02 +0000] "GET /artista HTTP/1.1" - -
::1 - - [04/Feb/2026:11:58:52 +0000] "GET /artista HTTP/1.1" - -
::1 - - [04/Feb/2026:11:58:53 +0000] "GET /artista HTTP/1.1" - -
::1 - - [04/Feb/2026:11:58:53 +0000] "GET /artista HTTP/1.1" - -
::1 - - [04/Feb/2026:11:58:53 +0000] "GET /artista HTTP/1.1" - -
::1 - - [04/Feb/2026:11:58:54 +0000] "GET /artista HTTP/1.1" - -
::1 - - [04/Feb/2026:11:58:54 +0000] "GET /artista HTTP/1.1" - -
::1 - - [04/Feb/2026:11:58:54 +0000] "GET /artista HTTP/1.1" - -
::1 - - [04/Feb/2026:11:58:54 +0000] "GET /artista HTTP/1.1" - -
::1 - - [04/Feb/2026:11:58:54 +0000] "GET /artista HTTP/1.1" - -
::1 - - [04/Feb/2026:11:58:57 +0000] "GET /.well-known/appspecific/com.chrome.devtools.json HTTP/1.1" - -
::1 - - [04/Feb/2026:11:59:16 +0000] "GET /artista HTTP/1.1" - -
::1 - - [04/Feb/2026:11:59:16 +0000] "GET /.well-known/appspecific/com.chrome.devtools.json HTTP/1.1" - -
::1 - - [04/Feb/2026:11:59:48 +0000] "GET /artista HTTP/1.1" - -
::1 - - [04/Feb/2026:11:59:48 +0000] "GET /.well-known/appspecific/com.chrome.devtools.json HTTP/1.1" - -
::1 - - [04/Feb/2026:12:01:48 +0000] "GET /artista HTTP/1.1" - -
::1 - - [04/Feb/2026:12:01:48 +0000] "GET /.well-known/appspecific/com.chrome.devtools.json HTTP/1.1" - -
::1 - - [04/Feb/2026:12:03:05 +0000] "GET /artista HTTP/1.1" - -
::1 - - [04/Feb/2026:12:03:05 +0000] "GET /.well-known/appspecific/com.chrome.devtools.json HTTP/1.1" - -
::1 - - [04/Feb/2026:12:03:45 +0000] "GET /artista HTTP/1.1" - -
::1 - - [04/Feb/2026:12:03:45 +0000] "GET /.well-known/appspecific/com.chrome.devtools.json HTTP/1.1" - -
::1 - - [04/Feb/2026:12:06:10 +0000] "GET /artista HTTP/1.1" - -
::1 - - [04/Feb/2026:12:06:10 +0000] "GET /.well-known/appspecific/com.chrome.devtools.json HTTP/1.1" - -
::1 - - [04/Feb/2026:12:06:12 +0000] "GET /artista/form HTTP/1.1" - -
::1 - - [04/Feb/2026:12:06:12 +0000] "GET /.well-known/appspecific/com.chrome.devtools.json HTTP/1.1" - -
::1 - - [04/Feb/2026:12:06:25 +0000] "GET /.well-known/appspecific/com.chrome.devtools.json HTTP/1.1" - -
::1 - - [04/Feb/2026:12:06:25 +0000] "GET /.well-known/appspecific/com.chrome.devtools.json HTTP/1.1" - -
::1 - - [04/Feb/2026:12:06:26 +0000] "GET /artista HTTP/1.1" - -
::1 - - [04/Feb/2026:12:06:26 +0000] "GET /.well-known/appspecific/com.chrome.devtools.json HTTP/1.1" - -
::1 - - [04/Feb/2026:12:06:27 +0000] "GET /artista/form HTTP/1.1" - -
::1 - - [04/Feb/2026:12:06:27 +0000] "GET /.well-known/appspecific/com.chrome.devtools.json HTTP/1.1" - -
::1 - - [04/Feb/2026:12:06:59 +0000] "GET /artista/form HTTP/1.1" - -
::1 - - [04/Feb/2026:12:06:59 +0000] "GET /.well-known/appspecific/com.chrome.devtools.json HTTP/1.1" - -
::1 - - [04/Feb/2026:12:07:02 +0000] "GET /artista/form HTTP/1.1" - -
::1 - - [04/Feb/2026:12:07:02 +0000] "GET /.well-known/appspecific/com.chrome.devtools.json HTTP/1.1" - -
::1 - - [04/Feb/2026:12:07:04 +0000] "GET /.well-known/appspecific/com.chrome.devtools.json HTTP/1.1" - -
::1 - - [04/Feb/2026:12:07:04 +0000] "GET /artista HTTP/1.1" - -
::1 - - [04/Feb/2026:12:07:05 +0000] "GET /.well-known/appspecific/com.chrome.devtools.json HTTP/1.1" - -
::1 - - [04/Feb/2026:12:07:05 +0000] "GET /artista/form HTTP/1.1" - -
::1 - - [04/Feb/2026:12:07:05 +0000] "GET /.well-known/appspecific/com.chrome.devtools.json HTTP/1.1" - -
::1 - - [04/Feb/2026:12:07:25 +0000] "GET /artista/form HTTP/1.1" - -
::1 - - [04/Feb/2026:12:07:25 +0000] "GET /.well-known/appspecific/com.chrome.devtools.json HTTP/1.1" - -
::1 - - [04/Feb/2026:12:07:26 +0000] "GET /.well-known/appspecific/com.chrome.devtools.json HTTP/1.1" - -
::1 - - [04/Feb/2026:12:07:26 +0000] "GET /.well-known/appspecific/com.chrome.devtools.json HTTP/1.1" - -
::1 - - [04/Feb/2026:12:07:27 +0000] "GET /artista HTTP/1.1" - -
::1 - - [04/Feb/2026:12:07:27 +0000] "GET /.well-known/appspecific/com.chrome.devtools.json HTTP/1.1" - -
::1 - - [04/Feb/2026:12:07:28 +0000] "GET /artista/form HTTP/1.1" - -
::1 - - [04/Feb/2026:12:07:28 +0000] "GET /.well-known/appspecific/com.chrome.devtools.json HTTP/1.1" - -
::1 - - [04/Feb/2026:12:08:12 +0000] "GET /artista/form HTTP/1.1" - -
::1 - - [04/Feb/2026:12:08:12 +0000] "GET /.well-known/appspecific/com.chrome.devtools.json HTTP/1.1" - -
::1 - - [04/Feb/2026:12:08:39 +0000] "GET /artista/form HTTP/1.1" - -
::1 - - [04/Feb/2026:12:08:39 +0000] "GET /.well-known/appspecific/com.chrome.devtools.json HTTP/1.1" - -
::1 - - [04/Feb/2026:12:08:44 +0000] "GET /artista/form HTTP/1.1" - -
::1 - - [04/Feb/2026:12:08:44 +0000] "GET /.well-known/appspecific/com.chrome.devtools.json HTTP/1.1" - -
::1 - - [04/Feb/2026:12:08:45 +0000] "GET /.well-known/appspecific/com.chrome.devtools.json HTTP/1.1" - -
::1 - - [04/Feb/2026:12:08:46 +0000] "GET /artista/form HTTP/1.1" - -
::1 - - [04/Feb/2026:12:08:46 +0000] "GET /.well-known/appspecific/com.chrome.devtools.json HTTP/1.1" - -
::1 - - [04/Feb/2026:12:09:58 +0000] "GET /artista/form HTTP/1.1" - -
::1 - - [04/Feb/2026:12:09:58 +0000] "GET /.well-known/appspecific/com.chrome.devtools.json HTTP/1.1" - -
::1 - - [04/Feb/2026:12:10:03 +0000] "GET /.well-known/appspecific/com.chrome.devtools.json HTTP/1.1" - -
::1 - - [04/Feb/2026:12:10:04 +0000] "GET /artista/form HTTP/1.1" - -
::1 - - [04/Feb/2026:12:10:04 +0000] "GET /.well-known/appspecific/com.chrome.devtools.json HTTP/1.1" - -
::1 - - [04/Feb/2026:12:10:22 +0000] "GET /artista/form HTTP/1.1" - -
::1 - - [04/Feb/2026:12:10:22 +0000] "GET /.well-known/appspecific/com.chrome.devtools.json HTTP/1.1" - -
::1 - - [04/Feb/2026:12:10:54 +0000] "POST /artista/save HTTP/1.1" - -
::1 - - [04/Feb/2026:12:10:54 +0000] "GET /artista HTTP/1.1" - -
::1 - - [04/Feb/2026:12:10:54 +0000] "GET /.well-known/appspecific/com.chrome.devtools.json HTTP/1.1" - -
::1 - - [04/Feb/2026:12:10:59 +0000] "GET /artista/delete/7 HTTP/1.1" - -
::1 - - [04/Feb/2026:12:10:59 +0000] "GET /artista HTTP/1.1" - -
::1 - - [04/Feb/2026:12:10:59 +0000] "GET /.well-known/appspecific/com.chrome.devtools.json HTTP/1.1" - -
::1 - - [04/Feb/2026:10:58:49 +0000] "GET / HTTP/1.1" - -
::1 - - [04/Feb/2026:10:58:49 +0000] "GET /artista HTTP/1.1" - -
::1 - - [04/Feb/2026:10:58:49 +0000] "GET /style.css HTTP/1.1" - -
::1 - - [04/Feb/2026:10:58:49 +0000] "GET /favicon.ico HTTP/1.1" - -
::1 - - [04/Feb/2026:10:59:23 +0000] "GET /artista HTTP/1.1" - -
::1 - - [04/Feb/2026:10:59:23 +0000] "GET /style.css HTTP/1.1" - -
::ffff:127.0.0.1 - - [04/Feb/2026:11:00:41 +0000] "GET /artista HTTP/1.1" - -
::ffff:127.0.0.1 - - [04/Feb/2026:11:00:41 +0000] "GET /style.css HTTP/1.1" - -
::1 - - [04/Feb/2026:11:01:05 +0000] "GET /artista HTTP/1.1" - -
::1 - - [04/Feb/2026:11:01:05 +0000] "GET /style.css HTTP/1.1" - -
::1 - - [04/Feb/2026:11:01:07 +0000] "GET /artista/form/1 HTTP/1.1" - -
::1 - - [04/Feb/2026:11:01:07 +0000] "GET /style.css HTTP/1.1" - -
::1 - - [14/Apr/2026:07:09:37 +0000] "GET / HTTP/1.1" - -
::1 - - [14/Apr/2026:07:09:37 +0000] "GET /artista HTTP/1.1" - -
::1 - - [14/Apr/2026:07:09:38 +0000] "GET /favicon.ico HTTP/1.1" - -
::1 - - [14/Apr/2026:07:09:50 +0000] "GET /artista/form/2 HTTP/1.1" - -
::1 - - [14/Apr/2026:07:09:56 +0000] "POST /artista/save HTTP/1.1" - -
::1 - - [14/Apr/2026:07:09:56 +0000] "GET /artista HTTP/1.1" - -
::1 - - [14/Apr/2026:07:10:00 +0000] "GET /artista/form/2 HTTP/1.1" - -
::1 - - [14/Apr/2026:07:10:03 +0000] "POST /artista/save HTTP/1.1" - -
::1 - - [14/Apr/2026:07:10:03 +0000] "GET /artista HTTP/1.1" - -
::1 - - [14/Apr/2026:07:10:07 +0000] "GET /artista/delete/5 HTTP/1.1" - -
::1 - - [14/Apr/2026:07:10:07 +0000] "GET /artista HTTP/1.1" - -
::1 - - [14/Apr/2026:07:10:21 +0000] "GET /artista/form HTTP/1.1" - -
::1 - - [14/Apr/2026:07:10:29 +0000] "POST /artista/save HTTP/1.1" - -
::1 - - [14/Apr/2026:07:10:29 +0000] "GET /artista HTTP/1.1" - -
::1 - - [14/Apr/2026:07:10:29 +0000] "GET /test HTTP/1.1" - -
::1 - - [14/Apr/2026:07:13:06 +0000] "GET /artista HTTP/1.1" - -
::1 - - [14/Apr/2026:07:13:06 +0000] "GET /test HTTP/1.1" - -
::1 - - [14/Apr/2026:07:13:06 +0000] "GET /artista HTTP/1.1" - -
::1 - - [14/Apr/2026:07:13:06 +0000] "GET /test HTTP/1.1" - -
::1 - - [14/Apr/2026:07:13:06 +0000] "GET /artista HTTP/1.1" - -
::1 - - [14/Apr/2026:07:13:06 +0000] "GET /test HTTP/1.1" - -
::1 - - [14/Apr/2026:07:13:06 +0000] "GET /artista HTTP/1.1" - -
::1 - - [14/Apr/2026:07:13:06 +0000] "GET /test HTTP/1.1" - -
::1 - - [14/Apr/2026:07:13:07 +0000] "GET /artista HTTP/1.1" - -
::1 - - [14/Apr/2026:07:13:07 +0000] "GET /test HTTP/1.1" - -
::1 - - [14/Apr/2026:07:13:07 +0000] "GET /artista HTTP/1.1" - -
::1 - - [14/Apr/2026:07:13:07 +0000] "GET /test HTTP/1.1" - -
::1 - - [14/Apr/2026:07:13:08 +0000] "GET /artista/form/7 HTTP/1.1" - -
::1 - - [14/Apr/2026:07:13:23 +0000] "GET /artista/form/7 HTTP/1.1" - -
::1 - - [14/Apr/2026:07:13:24 +0000] "GET /artista/form/7 HTTP/1.1" - -
::1 - - [14/Apr/2026:07:13:26 +0000] "GET /artista HTTP/1.1" - -
::1 - - [14/Apr/2026:07:13:27 +0000] "GET /artista HTTP/1.1" - -
::1 - - [14/Apr/2026:07:13:29 +0000] "GET /artista/form HTTP/1.1" - -
::1 - - [14/Apr/2026:07:16:09 +0000] "GET /artista HTTP/1.1" - -
::1 - - [14/Apr/2026:07:16:10 +0000] "GET /artista/form HTTP/1.1" - -
::1 - - [14/Apr/2026:07:16:17 +0000] "GET /artista HTTP/1.1" - -
::1 - - [14/Apr/2026:07:16:20 +0000] "GET /artista HTTP/1.1" - -
::1 - - [14/Apr/2026:07:16:21 +0000] "GET /artista/form HTTP/1.1" - -
::1 - - [14/Apr/2026:07:16:22 +0000] "GET /artista HTTP/1.1" - -
::1 - - [14/Apr/2026:07:16:23 +0000] "GET /artista/form/1 HTTP/1.1" - -
::1 - - [14/Apr/2026:07:16:24 +0000] "GET /artista HTTP/1.1" - -
::1 - - [14/Apr/2026:07:47:21 +0000] "GET /artista HTTP/1.1" - -
::1 - - [14/Apr/2026:07:47:25 +0000] "GET /album HTTP/1.1" - -
::1 - - [14/Apr/2026:07:47:43 +0000] "GET /album HTTP/1.1" - -
::1 - - [14/Apr/2026:07:47:48 +0000] "GET /album HTTP/1.1" - -
::1 - - [14/Apr/2026:07:47:49 +0000] "GET /album HTTP/1.1" - -
::1 - - [14/Apr/2026:07:47:56 +0000] "GET /album HTTP/1.1" - -
::1 - - [14/Apr/2026:07:49:29 +0000] "GET /album HTTP/1.1" - -
::ffff:127.0.0.1 - - [14/Apr/2026:07:49:39 +0000] "GET /album HTTP/1.1" - -
::1 - - [14/Apr/2026:07:49:50 +0000] "GET /album HTTP/1.1" - -
::1 - - [14/Apr/2026:07:50:06 +0000] "GET /album HTTP/1.1" - -
::1 - - [14/Apr/2026:07:50:22 +0000] "GET /album HTTP/1.1" - -
::1 - - [14/Apr/2026:07:53:59 +0000] "GET /album HTTP/1.1" - -
::1 - - [14/Apr/2026:07:56:40 +0000] "GET /album HTTP/1.1" - -
::1 - - [14/Apr/2026:07:56:41 +0000] "GET /album HTTP/1.1" - -
::1 - - [14/Apr/2026:07:56:41 +0000] "GET /album HTTP/1.1" - -
::1 - - [14/Apr/2026:07:56:48 +0000] "GET /.well-known/appspecific/com.chrome.devtools.json HTTP/1.1" - -
::1 - - [14/Apr/2026:07:57:19 +0000] "GET /album HTTP/1.1" - -
::1 - - [14/Apr/2026:07:57:19 +0000] "GET /.well-known/appspecific/com.chrome.devtools.json HTTP/1.1" - -
::1 - - [14/Apr/2026:07:57:19 +0000] "GET /album HTTP/1.1" - -
::1 - - [14/Apr/2026:07:57:19 +0000] "GET /.well-known/appspecific/com.chrome.devtools.json HTTP/1.1" - -
::1 - - [14/Apr/2026:07:57:22 +0000] "GET /album HTTP/1.1" - -
::1 - - [14/Apr/2026:07:57:22 +0000] "GET /.well-known/appspecific/com.chrome.devtools.json HTTP/1.1" - -
::1 - - [14/Apr/2026:07:57:32 +0000] "GET /album HTTP/1.1" - -
::1 - - [14/Apr/2026:07:57:32 +0000] "GET /.well-known/appspecific/com.chrome.devtools.json HTTP/1.1" - -
::1 - - [14/Apr/2026:07:57:33 +0000] "GET /album HTTP/1.1" - -
::1 - - [14/Apr/2026:07:57:33 +0000] "GET /.well-known/appspecific/com.chrome.devtools.json HTTP/1.1" - -
::1 - - [14/Apr/2026:07:57:33 +0000] "GET /album HTTP/1.1" - -
::1 - - [14/Apr/2026:07:57:33 +0000] "GET /.well-known/appspecific/com.chrome.devtools.json HTTP/1.1" - -
::1 - - [14/Apr/2026:07:58:02 +0000] "GET /album HTTP/1.1" - -
::1 - - [14/Apr/2026:07:58:02 +0000] "GET /.well-known/appspecific/com.chrome.devtools.json HTTP/1.1" - -
::1 - - [14/Apr/2026:07:58:05 +0000] "GET /album HTTP/1.1" - -
::1 - - [14/Apr/2026:07:58:05 +0000] "GET /.well-known/appspecific/com.chrome.devtools.json HTTP/1.1" - -
::1 - - [14/Apr/2026:07:58:06 +0000] "GET /album HTTP/1.1" - -
::1 - - [14/Apr/2026:07:58:06 +0000] "GET /.well-known/appspecific/com.chrome.devtools.json HTTP/1.1" - -
::1 - - [14/Apr/2026:07:58:06 +0000] "GET /album HTTP/1.1" - -
::1 - - [14/Apr/2026:07:58:06 +0000] "GET /.well-known/appspecific/com.chrome.devtools.json HTTP/1.1" - -
::1 - - [14/Apr/2026:07:58:20 +0000] "GET /album HTTP/1.1" - -
::1 - - [14/Apr/2026:07:58:20 +0000] "GET /.well-known/appspecific/com.chrome.devtools.json HTTP/1.1" - -
::1 - - [14/Apr/2026:07:59:01 +0000] "GET /album/form/1 HTTP/1.1" - -
::1 - - [14/Apr/2026:07:59:54 +0000] "GET /album/form/1 HTTP/1.1" - -
::1 - - [14/Apr/2026:07:59:55 +0000] "GET /album/form/1 HTTP/1.1" - -
::1 - - [14/Apr/2026:08:00:03 +0000] "GET /album/form/1 HTTP/1.1" - -
::1 - - [14/Apr/2026:08:00:04 +0000] "GET /album/form/1 HTTP/1.1" - -
::1 - - [14/Apr/2026:08:00:04 +0000] "GET /album/form/1 HTTP/1.1" - -
::1 - - [14/Apr/2026:08:01:09 +0000] "GET /album/form/1 HTTP/1.1" - -
::1 - - [14/Apr/2026:08:01:09 +0000] "GET /.well-known/appspecific/com.chrome.devtools.json HTTP/1.1" - -
::1 - - [14/Apr/2026:08:01:12 +0000] "GET /album HTTP/1.1" - -
::1 - - [14/Apr/2026:08:01:12 +0000] "GET /.well-known/appspecific/com.chrome.devtools.json HTTP/1.1" - -
::1 - - [14/Apr/2026:08:01:15 +0000] "GET /album/form/6 HTTP/1.1" - -
::1 - - [14/Apr/2026:08:01:15 +0000] "GET /.well-known/appspecific/com.chrome.devtools.json HTTP/1.1" - -
::1 - - [14/Apr/2026:08:04:33 +0000] "GET /album HTTP/1.1" - -
::1 - - [14/Apr/2026:08:04:33 +0000] "GET /.well-known/appspecific/com.chrome.devtools.json HTTP/1.1" - -
::1 - - [14/Apr/2026:08:04:35 +0000] "GET /album HTTP/1.1" - -
::1 - - [14/Apr/2026:08:04:35 +0000] "GET /.well-known/appspecific/com.chrome.devtools.json HTTP/1.1" - -
::1 - - [14/Apr/2026:08:04:36 +0000] "GET /album HTTP/1.1" - -
::1 - - [14/Apr/2026:08:04:36 +0000] "GET /.well-known/appspecific/com.chrome.devtools.json HTTP/1.1" - -
::1 - - [14/Apr/2026:08:04:40 +0000] "GET /album/form/4 HTTP/1.1" - -
::1 - - [14/Apr/2026:08:04:49 +0000] "GET /album/form/4 HTTP/1.1" - -
::1 - - [14/Apr/2026:08:06:00 +0000] "GET /album/form/4 HTTP/1.1" - -
::1 - - [14/Apr/2026:08:06:59 +0000] "GET /album/form/4 HTTP/1.1" - -
::1 - - [14/Apr/2026:08:07:00 +0000] "GET /album/form/4 HTTP/1.1" - -
::1 - - [14/Apr/2026:08:16:31 +0000] "GET /.well-known/appspecific/com.chrome.devtools.json HTTP/1.1" - -
::1 - - [14/Apr/2026:08:16:33 +0000] "GET /album HTTP/1.1" - -
::1 - - [14/Apr/2026:08:16:33 +0000] "GET /.well-known/appspecific/com.chrome.devtools.json HTTP/1.1" - -
::1 - - [14/Apr/2026:08:16:35 +0000] "GET /album/form/3 HTTP/1.1" - -
::1 - - [14/Apr/2026:08:16:36 +0000] "GET /.well-known/appspecific/com.chrome.devtools.json HTTP/1.1" - -
::1 - - [14/Apr/2026:08:16:41 +0000] "GET /api/artista/2 HTTP/1.1" - -
::1 - - [14/Apr/2026:08:16:44 +0000] "GET /api/artista/1 HTTP/1.1" - -
::1 - - [14/Apr/2026:08:19:36 +0000] "GET /album/form/3 HTTP/1.1" - -
::1 - - [14/Apr/2026:08:19:36 +0000] "GET /.well-known/appspecific/com.chrome.devtools.json HTTP/1.1" - -
::1 - - [14/Apr/2026:08:19:39 +0000] "GET /album HTTP/1.1" - -
::1 - - [14/Apr/2026:08:19:39 +0000] "GET /.well-known/appspecific/com.chrome.devtools.json HTTP/1.1" - -
::1 - - [14/Apr/2026:08:19:40 +0000] "GET /album/form/1 HTTP/1.1" - -
::1 - - [14/Apr/2026:08:19:40 +0000] "GET /.well-known/appspecific/com.chrome.devtools.json HTTP/1.1" - -
::1 - - [14/Apr/2026:08:19:42 +0000] "GET /artista/api/0 HTTP/1.1" - -
::1 - - [14/Apr/2026:08:19:53 +0000] "GET /artista/api/-1 HTTP/1.1" - -
::1 - - [14/Apr/2026:08:19:54 +0000] "GET /artista/api/0 HTTP/1.1" - -
::1 - - [14/Apr/2026:08:19:54 +0000] "GET /artista/api/1 HTTP/1.1" - -
::1 - - [14/Apr/2026:08:19:58 +0000] "GET /artista/api/2 HTTP/1.1" - -
::1 - - [14/Apr/2026:08:20:23 +0000] "GET /album/form/1 HTTP/1.1" - -
::1 - - [14/Apr/2026:08:20:23 +0000] "GET /.well-known/appspecific/com.chrome.devtools.json HTTP/1.1" - -
::1 - - [14/Apr/2026:08:20:28 +0000] "GET /artista/api/2 HTTP/1.1" - -
::1 - - [14/Apr/2026:08:20:35 +0000] "GET /artista/api/1 HTTP/1.1" - -
::1 - - [14/Apr/2026:08:20:58 +0000] "GET /album/form/1 HTTP/1.1" - -
::1 - - [14/Apr/2026:08:20:58 +0000] "GET /.well-known/appspecific/com.chrome.devtools.json HTTP/1.1" - -
::1 - - [14/Apr/2026:08:20:59 +0000] "GET /album/form/1 HTTP/1.1" - -
::1 - - [14/Apr/2026:08:20:59 +0000] "GET /.well-known/appspecific/com.chrome.devtools.json HTTP/1.1" - -
::1 - - [14/Apr/2026:08:21:00 +0000] "GET /album/form/1 HTTP/1.1" - -
::1 - - [14/Apr/2026:08:21:00 +0000] "GET /.well-known/appspecific/com.chrome.devtools.json HTTP/1.1" - -
::1 - - [14/Apr/2026:08:21:01 +0000] "GET /artista/api/2 HTTP/1.1" - -
::1 - - [14/Apr/2026:08:21:03 +0000] "GET /artista/api/3 HTTP/1.1" - -
::1 - - [14/Apr/2026:08:21:03 +0000] "GET /artista/api/2 HTTP/1.1" - -
::1 - - [14/Apr/2026:08:23:32 +0000] "GET /album/form/1 HTTP/1.1" - -
::1 - - [14/Apr/2026:08:23:32 +0000] "GET /.well-known/appspecific/com.chrome.devtools.json HTTP/1.1" - -
::1 - - [14/Apr/2026:08:23:35 +0000] "GET /artista/api/2 HTTP/1.1" - -
::1 - - [14/Apr/2026:08:23:35 +0000] "GET /artista/api/3 HTTP/1.1" - -
::1 - - [14/Apr/2026:08:23:36 +0000] "GET /artista/api/4 HTTP/1.1" - -
::1 - - [14/Apr/2026:08:24:09 +0000] "GET /album/form/1 HTTP/1.1" - -
::1 - - [14/Apr/2026:08:24:09 +0000] "GET /.well-known/appspecific/com.chrome.devtools.json HTTP/1.1" - -
::1 - - [14/Apr/2026:08:24:11 +0000] "GET /artista/api/2 HTTP/1.1" - -
::1 - - [14/Apr/2026:08:24:12 +0000] "GET /artista/api/3 HTTP/1.1" - -
::1 - - [14/Apr/2026:08:24:12 +0000] "GET /artista/api/2 HTTP/1.1" - -
::1 - - [14/Apr/2026:08:24:13 +0000] "GET /artista/api/1 HTTP/1.1" - -
::1 - - [14/Apr/2026:08:24:13 +0000] "GET /artista/api/0 HTTP/1.1" - -
::1 - - [14/Apr/2026:08:25:53 +0000] "GET /album/form/1 HTTP/1.1" - -
::1 - - [14/Apr/2026:08:25:54 +0000] "GET /.well-known/appspecific/com.chrome.devtools.json HTTP/1.1" - -
::1 - - [14/Apr/2026:08:25:54 +0000] "GET /album/form/1 HTTP/1.1" - -
::1 - - [14/Apr/2026:08:25:54 +0000] "GET /.well-known/appspecific/com.chrome.devtools.json HTTP/1.1" - -
::1 - - [14/Apr/2026:08:25:55 +0000] "GET /album/form/1 HTTP/1.1" - -
::1 - - [14/Apr/2026:08:25:55 +0000] "GET /.well-known/appspecific/com.chrome.devtools.json HTTP/1.1" - -
::1 - - [14/Apr/2026:08:26:07 +0000] "GET /album/form/1 HTTP/1.1" - -
::1 - - [14/Apr/2026:08:26:07 +0000] "GET /.well-known/appspecific/com.chrome.devtools.json HTTP/1.1" - -
::1 - - [14/Apr/2026:08:26:07 +0000] "GET /artista/api/1 HTTP/1.1" - -
::1 - - [14/Apr/2026:08:26:08 +0000] "GET /album/form/1 HTTP/1.1" - -
::1 - - [14/Apr/2026:08:26:08 +0000] "GET /.well-known/appspecific/com.chrome.devtools.json HTTP/1.1" - -
::1 - - [14/Apr/2026:08:26:08 +0000] "GET /artista/api/1 HTTP/1.1" - -
::1 - - [14/Apr/2026:08:27:20 +0000] "GET /album/form/1 HTTP/1.1" - -
::1 - - [14/Apr/2026:08:27:20 +0000] "GET /.well-known/appspecific/com.chrome.devtools.json HTTP/1.1" - -
::1 - - [14/Apr/2026:08:27:20 +0000] "GET /artista/api/1 HTTP/1.1" - -
::1 - - [14/Apr/2026:08:27:20 +0000] "GET /album/form/1 HTTP/1.1" - -
::1 - - [14/Apr/2026:08:27:20 +0000] "GET /.well-known/appspecific/com.chrome.devtools.json HTTP/1.1" - -
::1 - - [14/Apr/2026:08:27:20 +0000] "GET /artista/api/1 HTTP/1.1" - -
::1 - - [14/Apr/2026:08:27:22 +0000] "GET /album/form/1 HTTP/1.1" - -
::1 - - [14/Apr/2026:08:27:22 +0000] "GET /.well-known/appspecific/com.chrome.devtools.json HTTP/1.1" - -
::1 - - [14/Apr/2026:08:27:22 +0000] "GET /artista/api/1 HTTP/1.1" - -
::1 - - [14/Apr/2026:08:27:25 +0000] "GET /album/form/1 HTTP/1.1" - -
::1 - - [14/Apr/2026:08:27:25 +0000] "GET /.well-known/appspecific/com.chrome.devtools.json HTTP/1.1" - -
::1 - - [14/Apr/2026:08:27:25 +0000] "GET /artista/api/1 HTTP/1.1" - -
::1 - - [14/Apr/2026:08:27:28 +0000] "GET /album/form/1 HTTP/1.1" - -
::1 - - [14/Apr/2026:08:27:28 +0000] "GET /.well-known/appspecific/com.chrome.devtools.json HTTP/1.1" - -
::1 - - [14/Apr/2026:08:27:28 +0000] "GET /artista/api/1 HTTP/1.1" - -
::1 - - [14/Apr/2026:08:29:59 +0000] "GET /album/form/1 HTTP/1.1" - -
::1 - - [14/Apr/2026:08:29:59 +0000] "GET /.well-known/appspecific/com.chrome.devtools.json HTTP/1.1" - -
::1 - - [14/Apr/2026:08:29:59 +0000] "GET /artista/api/1 HTTP/1.1" - -
::1 - - [14/Apr/2026:08:30:11 +0000] "POST /album/save HTTP/1.1" - -
::1 - - [14/Apr/2026:08:30:11 +0000] "GET /album HTTP/1.1" - -
::1 - - [14/Apr/2026:08:30:11 +0000] "GET /.well-known/appspecific/com.chrome.devtools.json HTTP/1.1" - -
::1 - - [14/Apr/2026:08:30:50 +0000] "GET /album/form/1 HTTP/1.1" - -
::1 - - [14/Apr/2026:08:30:50 +0000] "GET /.well-known/appspecific/com.chrome.devtools.json HTTP/1.1" - -
::1 - - [14/Apr/2026:08:32:18 +0000] "GET /album/form/1 HTTP/1.1" - -
::1 - - [14/Apr/2026:08:32:18 +0000] "GET /.well-known/appspecific/com.chrome.devtools.json HTTP/1.1" - -
::1 - - [14/Apr/2026:08:32:18 +0000] "GET /artista/api/1 HTTP/1.1" - -
::1 - - [14/Apr/2026:08:32:32 +0000] "GET /album/form/1 HTTP/1.1" - -
::1 - - [14/Apr/2026:08:32:32 +0000] "GET /.well-known/appspecific/com.chrome.devtools.json HTTP/1.1" - -
::1 - - [14/Apr/2026:08:32:32 +0000] "GET /artista/api/1 HTTP/1.1" - -
::1 - - [14/Apr/2026:08:32:36 +0000] "POST /album/save HTTP/1.1" - -
::1 - - [14/Apr/2026:08:32:36 +0000] "GET /album HTTP/1.1" - -
::1 - - [14/Apr/2026:08:32:36 +0000] "GET /.well-known/appspecific/com.chrome.devtools.json HTTP/1.1" - -
::1 - - [14/Apr/2026:08:32:40 +0000] "GET /album/form/1 HTTP/1.1" - -
::1 - - [14/Apr/2026:08:32:40 +0000] "GET /.well-known/appspecific/com.chrome.devtools.json HTTP/1.1" - -
::1 - - [14/Apr/2026:08:32:40 +0000] "GET /artista/api/3 HTTP/1.1" - -
::1 - - [14/Apr/2026:08:33:18 +0000] "GET /album/form/1 HTTP/1.1" - -
::1 - - [14/Apr/2026:08:33:18 +0000] "GET /.well-known/appspecific/com.chrome.devtools.json HTTP/1.1" - -
::1 - - [14/Apr/2026:08:33:18 +0000] "GET /album/form/1 HTTP/1.1" - -
::1 - - [14/Apr/2026:08:33:18 +0000] "GET /.well-known/appspecific/com.chrome.devtools.json HTTP/1.1" - -
::1 - - [14/Apr/2026:08:33:58 +0000] "GET /album/form/1 HTTP/1.1" - -
::1 - - [14/Apr/2026:08:33:58 +0000] "GET /.well-known/appspecific/com.chrome.devtools.json HTTP/1.1" - -
::1 - - [14/Apr/2026:08:34:17 +0000] "GET /album/form/1 HTTP/1.1" - -
::1 - - [14/Apr/2026:08:34:17 +0000] "GET /.well-known/appspecific/com.chrome.devtools.json HTTP/1.1" - -
::1 - - [14/Apr/2026:08:34:19 +0000] "GET /album/form/1 HTTP/1.1" - -
::1 - - [14/Apr/2026:08:34:19 +0000] "GET /.well-known/appspecific/com.chrome.devtools.json HTTP/1.1" - -
::1 - - [14/Apr/2026:08:34:20 +0000] "GET /album/form/1 HTTP/1.1" - -
::1 - - [14/Apr/2026:08:34:20 +0000] "GET /.well-known/appspecific/com.chrome.devtools.json HTTP/1.1" - -
::1 - - [14/Apr/2026:08:34:20 +0000] "GET /album/form/1 HTTP/1.1" - -
::1 - - [14/Apr/2026:08:34:20 +0000] "GET /.well-known/appspecific/com.chrome.devtools.json HTTP/1.1" - -
::1 - - [14/Apr/2026:08:34:21 +0000] "GET /album/form/1 HTTP/1.1" - -
::1 - - [14/Apr/2026:08:34:21 +0000] "GET /.well-known/appspecific/com.chrome.devtools.json HTTP/1.1" - -
::1 - - [14/Apr/2026:08:34:28 +0000] "GET /album/form/1 HTTP/1.1" - -
::1 - - [14/Apr/2026:08:34:28 +0000] "GET /.well-known/appspecific/com.chrome.devtools.json HTTP/1.1" - -
::1 - - [14/Apr/2026:08:34:28 +0000] "GET /artista/api/1 HTTP/1.1" - -
::1 - - [14/Apr/2026:08:34:39 +0000] "GET /album/form/1 HTTP/1.1" - -
::1 - - [14/Apr/2026:08:34:39 +0000] "GET /.well-known/appspecific/com.chrome.devtools.json HTTP/1.1" - -
::1 - - [14/Apr/2026:08:34:39 +0000] "GET /artista/api/1 HTTP/1.1" - -
::1 - - [14/Apr/2026:08:34:42 +0000] "GET /album/form/1 HTTP/1.1" - -
::1 - - [14/Apr/2026:08:34:42 +0000] "GET /.well-known/appspecific/com.chrome.devtools.json HTTP/1.1" - -
::1 - - [14/Apr/2026:08:34:42 +0000] "GET /artista/api/1 HTTP/1.1" - -
::1 - - [14/Apr/2026:08:34:44 +0000] "POST /album/save HTTP/1.1" - -
::1 - - [14/Apr/2026:08:34:44 +0000] "GET /album HTTP/1.1" - -
::1 - - [14/Apr/2026:08:34:44 +0000] "GET /.well-known/appspecific/com.chrome.devtools.json HTTP/1.1" - -
::1 - - [14/Apr/2026:08:34:46 +0000] "GET /album/form/1 HTTP/1.1" - -
::1 - - [14/Apr/2026:08:34:46 +0000] "GET /.well-known/appspecific/com.chrome.devtools.json HTTP/1.1" - -
::1 - - [14/Apr/2026:08:34:46 +0000] "GET /artista/api/6 HTTP/1.1" - -
::1 - - [14/Apr/2026:08:35:39 +0000] "GET /album/form/1 HTTP/1.1" - -
::1 - - [14/Apr/2026:08:35:39 +0000] "GET /.well-known/appspecific/com.chrome.devtools.json HTTP/1.1" - -
::1 - - [14/Apr/2026:08:35:39 +0000] "GET /artista/api/1 HTTP/1.1" - -
::1 - - [14/Apr/2026:08:38:09 +0000] "GET /album/form/1 HTTP/1.1" - -
::1 - - [14/Apr/2026:08:38:09 +0000] "GET /.well-known/appspecific/com.chrome.devtools.json HTTP/1.1" - -
::1 - - [14/Apr/2026:08:38:11 +0000] "GET /artista/api/2 HTTP/1.1" - -
::1 - - [14/Apr/2026:08:38:12 +0000] "GET /artista/api/3 HTTP/1.1" - -
::1 - - [14/Apr/2026:08:38:13 +0000] "GET /artista/api/4 HTTP/1.1" - -
::1 - - [14/Apr/2026:08:38:14 +0000] "GET /artista/api/3 HTTP/1.1" - -
::1 - - [14/Apr/2026:08:38:14 +0000] "GET /artista/api/2 HTTP/1.1" - -
::1 - - [14/Apr/2026:08:40:04 +0000] "GET /album/form/1 HTTP/1.1" - -
::1 - - [14/Apr/2026:08:40:04 +0000] "GET /.well-known/appspecific/com.chrome.devtools.json HTTP/1.1" - -
::1 - - [14/Apr/2026:08:40:05 +0000] "GET /album/form/1 HTTP/1.1" - -
::1 - - [14/Apr/2026:08:40:05 +0000] "GET /.well-known/appspecific/com.chrome.devtools.json HTTP/1.1" - -
::1 - - [14/Apr/2026:08:44:14 +0000] "GET /album/form/1 HTTP/1.1" - -
::1 - - [14/Apr/2026:08:44:14 +0000] "GET /.well-known/appspecific/com.chrome.devtools.json HTTP/1.1" - -
::1 - - [14/Apr/2026:08:44:15 +0000] "GET /album/form/1 HTTP/1.1" - -
::1 - - [14/Apr/2026:08:44:15 +0000] "GET /.well-known/appspecific/com.chrome.devtools.json HTTP/1.1" - -
::1 - - [14/Apr/2026:08:44:16 +0000] "GET /album/form/1 HTTP/1.1" - -
::1 - - [14/Apr/2026:08:44:16 +0000] "GET /.well-known/appspecific/com.chrome.devtools.json HTTP/1.1" - -
::1 - - [14/Apr/2026:08:45:12 +0000] "GET /album/form/1 HTTP/1.1" - -
::1 - - [14/Apr/2026:08:45:12 +0000] "GET /.well-known/appspecific/com.chrome.devtools.json HTTP/1.1" - -
::1 - - [14/Apr/2026:08:45:13 +0000] "GET /album/form/1 HTTP/1.1" - -
::1 - - [14/Apr/2026:08:45:13 +0000] "GET /.well-known/appspecific/com.chrome.devtools.json HTTP/1.1" - -
::1 - - [14/Apr/2026:08:45:13 +0000] "GET /album/form/1 HTTP/1.1" - -
::1 - - [14/Apr/2026:08:45:13 +0000] "GET /.well-known/appspecific/com.chrome.devtools.json HTTP/1.1" - -
::1 - - [14/Apr/2026:08:45:14 +0000] "GET /album/form/1 HTTP/1.1" - -
::1 - - [14/Apr/2026:08:45:14 +0000] "GET /.well-known/appspecific/com.chrome.devtools.json HTTP/1.1" - -
::1 - - [14/Apr/2026:08:45:14 +0000] "GET /album/form/1 HTTP/1.1" - -
::1 - - [14/Apr/2026:08:45:14 +0000] "GET /.well-known/appspecific/com.chrome.devtools.json HTTP/1.1" - -
::1 - - [14/Apr/2026:08:45:14 +0000] "GET /album/form/1 HTTP/1.1" - -
::1 - - [14/Apr/2026:08:45:14 +0000] "GET /.well-known/appspecific/com.chrome.devtools.json HTTP/1.1" - -
::1 - - [14/Apr/2026:08:45:14 +0000] "GET /album/form/1 HTTP/1.1" - -
::1 - - [14/Apr/2026:08:45:14 +0000] "GET /.well-known/appspecific/com.chrome.devtools.json HTTP/1.1" - -
::1 - - [14/Apr/2026:08:45:14 +0000] "GET /album/form/1 HTTP/1.1" - -
::1 - - [14/Apr/2026:08:45:14 +0000] "GET /.well-known/appspecific/com.chrome.devtools.json HTTP/1.1" - -
::1 - - [14/Apr/2026:08:45:15 +0000] "GET /album/form/1 HTTP/1.1" - -
::1 - - [14/Apr/2026:08:45:15 +0000] "GET /.well-known/appspecific/com.chrome.devtools.json HTTP/1.1" - -
::1 - - [14/Apr/2026:08:45:17 +0000] "GET /artista/api/2 HTTP/1.1" - -
::1 - - [14/Apr/2026:08:45:18 +0000] "GET /artista/api/1 HTTP/1.1" - -
::1 - - [14/Apr/2026:08:45:19 +0000] "GET /album/form/1 HTTP/1.1" - -
::1 - - [14/Apr/2026:08:45:19 +0000] "GET /.well-known/appspecific/com.chrome.devtools.json HTTP/1.1" - -
::1 - - [14/Apr/2026:08:45:28 +0000] "GET /album/form/1 HTTP/1.1" - -
::1 - - [14/Apr/2026:08:45:28 +0000] "GET /.well-known/appspecific/com.chrome.devtools.json HTTP/1.1" - -
::1 - - [14/Apr/2026:08:45:28 +0000] "GET /artista/api/1 HTTP/1.1" - -
::1 - - [14/Apr/2026:08:45:30 +0000] "GET /artista/api/2 HTTP/1.1" - -
::1 - - [14/Apr/2026:08:45:31 +0000] "GET /artista/api/1 HTTP/1.1" - -
::1 - - [14/Apr/2026:08:45:32 +0000] "GET /artista/api/2 HTTP/1.1" - -
::1 - - [14/Apr/2026:08:45:32 +0000] "GET /artista/api/3 HTTP/1.1" - -
::1 - - [14/Apr/2026:08:45:33 +0000] "GET /artista/api/4 HTTP/1.1" - -
::1 - - [14/Apr/2026:08:45:33 +0000] "GET /artista/api/5 HTTP/1.1" - -
::1 - - [14/Apr/2026:08:45:34 +0000] "GET /artista/api/6 HTTP/1.1" - -
::1 - - [14/Apr/2026:08:45:34 +0000] "GET /artista/api/5 HTTP/1.1" - -
::1 - - [14/Apr/2026:08:45:34 +0000] "GET /artista/api/4 HTTP/1.1" - -
::1 - - [14/Apr/2026:08:45:35 +0000] "GET /artista/api/3 HTTP/1.1" - -
::1 - - [14/Apr/2026:08:45:35 +0000] "GET /artista/api/2 HTTP/1.1" - -
::1 - - [14/Apr/2026:08:45:35 +0000] "GET /artista/api/1 HTTP/1.1" - -
::1 - - [14/Apr/2026:08:45:36 +0000] "GET /artista/api/2 HTTP/1.1" - -
::1 - - [14/Apr/2026:08:45:36 +0000] "GET /artista/api/3 HTTP/1.1" - -
::1 - - [14/Apr/2026:08:45:36 +0000] "GET /artista/api/4 HTTP/1.1" - -
::1 - - [14/Apr/2026:08:45:36 +0000] "GET /artista/api/5 HTTP/1.1" - -
::1 - - [14/Apr/2026:08:45:36 +0000] "GET /artista/api/6 HTTP/1.1" - -
::1 - - [14/Apr/2026:08:45:37 +0000] "GET /artista/api/5 HTTP/1.1" - -
::1 - - [14/Apr/2026:08:45:37 +0000] "GET /artista/api/4 HTTP/1.1" - -
::1 - - [14/Apr/2026:08:45:37 +0000] "GET /artista/api/3 HTTP/1.1" - -
::1 - - [14/Apr/2026:08:45:37 +0000] "GET /artista/api/2 HTTP/1.1" - -
::1 - - [14/Apr/2026:08:45:37 +0000] "GET /artista/api/1 HTTP/1.1" - -
::1 - - [14/Apr/2026:08:45:38 +0000] "GET /artista/api/2 HTTP/1.1" - -
::1 - - [14/Apr/2026:08:45:38 +0000] "GET /artista/api/3 HTTP/1.1" - -
::1 - - [14/Apr/2026:08:45:38 +0000] "GET /artista/api/4 HTTP/1.1" - -
::1 - - [14/Apr/2026:08:45:38 +0000] "GET /artista/api/5 HTTP/1.1" - -
::1 - - [14/Apr/2026:08:45:38 +0000] "GET /artista/api/6 HTTP/1.1" - -
::1 - - [14/Apr/2026:08:45:39 +0000] "GET /artista/api/5 HTTP/1.1" - -
::1 - - [14/Apr/2026:08:45:39 +0000] "GET /artista/api/4 HTTP/1.1" - -
::1 - - [14/Apr/2026:08:45:39 +0000] "GET /artista/api/3 HTTP/1.1" - -
::1 - - [14/Apr/2026:08:45:39 +0000] "GET /artista/api/2 HTTP/1.1" - -
::1 - - [14/Apr/2026:08:45:39 +0000] "GET /artista/api/1 HTTP/1.1" - -
::1 - - [14/Apr/2026:09:24:56 +0000] "GET /artista/api/2 HTTP/1.1" - -
::1 - - [14/Apr/2026:09:24:57 +0000] "GET /artista/api/1 HTTP/1.1" - -
::1 - - [14/Apr/2026:09:24:58 +0000] "GET /artista/api/2 HTTP/1.1" - -
::1 - - [14/Apr/2026:09:24:58 +0000] "GET /artista/api/3 HTTP/1.1" - -
::1 - - [14/Apr/2026:09:24:58 +0000] "GET /artista/api/4 HTTP/1.1" - -
::1 - - [14/Apr/2026:09:24:58 +0000] "GET /artista/api/5 HTTP/1.1" - -
::1 - - [14/Apr/2026:09:24:59 +0000] "GET /artista/api/4 HTTP/1.1" - -
::1 - - [14/Apr/2026:09:24:59 +0000] "GET /artista/api/3 HTTP/1.1" - -
::1 - - [14/Apr/2026:09:24:59 +0000] "GET /artista/api/2 HTTP/1.1" - -
::1 - - [14/Apr/2026:09:24:59 +0000] "GET /artista/api/1 HTTP/1.1" - -
::1 - - [14/Apr/2026:09:25:02 +0000] "GET /album HTTP/1.1" - -
::1 - - [14/Apr/2026:09:25:02 +0000] "GET /.well-known/appspecific/com.chrome.devtools.json HTTP/1.1" - -
::1 - - [14/Apr/2026:09:25:04 +0000] "GET /album HTTP/1.1" - -
::1 - - [14/Apr/2026:09:25:04 +0000] "GET /.well-known/appspecific/com.chrome.devtools.json HTTP/1.1" - -
::1 - - [14/Apr/2026:10:14:06 +0000] "GET /album HTTP/1.1" - -
::1 - - [14/Apr/2026:10:14:07 +0000] "GET /album HTTP/1.1" - -
::1 - - [14/Apr/2026:10:14:18 +0000] "GET /album HTTP/1.1" - -
::1 - - [14/Apr/2026:10:14:49 +0000] "GET /album HTTP/1.1" - -
::1 - - [14/Apr/2026:10:22:11 +0000] "GET /album HTTP/1.1" - -
::1 - - [14/Apr/2026:10:22:23 +0000] "GET /album HTTP/1.1" - -
::1 - - [14/Apr/2026:10:22:44 +0000] "GET /album HTTP/1.1" - -
::1 - - [14/Apr/2026:10:24:08 +0000] "GET /album HTTP/1.1" - -
::1 - - [14/Apr/2026:10:24:22 +0000] "GET /album HTTP/1.1" - -
::1 - - [14/Apr/2026:10:24:22 +0000] "GET /undefined HTTP/1.1" - -
::1 - - [14/Apr/2026:10:24:22 +0000] "GET /undefined HTTP/1.1" - -
::1 - - [14/Apr/2026:10:24:23 +0000] "GET /album HTTP/1.1" - -
::1 - - [14/Apr/2026:10:24:23 +0000] "GET /undefined HTTP/1.1" - -
::1 - - [14/Apr/2026:10:24:23 +0000] "GET /undefined HTTP/1.1" - -
::1 - - [14/Apr/2026:10:24:23 +0000] "GET /album HTTP/1.1" - -
::1 - - [14/Apr/2026:10:24:23 +0000] "GET /undefined HTTP/1.1" - -
::1 - - [14/Apr/2026:10:24:23 +0000] "GET /undefined HTTP/1.1" - -
::1 - - [14/Apr/2026:10:24:23 +0000] "GET /album HTTP/1.1" - -
::1 - - [14/Apr/2026:10:24:23 +0000] "GET /undefined HTTP/1.1" - -
::1 - - [14/Apr/2026:10:24:23 +0000] "GET /undefined HTTP/1.1" - -
::1 - - [14/Apr/2026:10:24:24 +0000] "GET /album HTTP/1.1" - -
::1 - - [14/Apr/2026:10:24:24 +0000] "GET /undefined HTTP/1.1" - -
::1 - - [14/Apr/2026:10:24:24 +0000] "GET /undefined HTTP/1.1" - -
::1 - - [14/Apr/2026:10:24:24 +0000] "GET /album HTTP/1.1" - -
::1 - - [14/Apr/2026:10:24:24 +0000] "GET /undefined HTTP/1.1" - -
::1 - - [14/Apr/2026:10:24:24 +0000] "GET /undefined HTTP/1.1" - -
::1 - - [14/Apr/2026:10:24:24 +0000] "GET /album HTTP/1.1" - -
::1 - - [14/Apr/2026:10:24:24 +0000] "GET /undefined HTTP/1.1" - -
::1 - - [14/Apr/2026:10:24:24 +0000] "GET /undefined HTTP/1.1" - -
::1 - - [14/Apr/2026:10:24:24 +0000] "GET /album HTTP/1.1" - -
::1 - - [14/Apr/2026:10:24:24 +0000] "GET /undefined HTTP/1.1" - -
::1 - - [14/Apr/2026:10:24:24 +0000] "GET /undefined HTTP/1.1" - -
::1 - - [14/Apr/2026:10:24:24 +0000] "GET /album HTTP/1.1" - -
::1 - - [14/Apr/2026:10:24:24 +0000] "GET /undefined HTTP/1.1" - -
::1 - - [14/Apr/2026:10:24:24 +0000] "GET /undefined HTTP/1.1" - -
::1 - - [14/Apr/2026:10:24:25 +0000] "GET /album HTTP/1.1" - -
::1 - - [14/Apr/2026:10:24:25 +0000] "GET /undefined HTTP/1.1" - -
::1 - - [14/Apr/2026:10:24:25 +0000] "GET /undefined HTTP/1.1" - -
::1 - - [14/Apr/2026:10:24:25 +0000] "GET /album HTTP/1.1" - -
::1 - - [14/Apr/2026:10:24:25 +0000] "GET /undefined HTTP/1.1" - -
::1 - - [14/Apr/2026:10:24:25 +0000] "GET /undefined HTTP/1.1" - -
::1 - - [14/Apr/2026:10:24:25 +0000] "GET /album HTTP/1.1" - -
::1 - - [14/Apr/2026:10:24:25 +0000] "GET /undefined HTTP/1.1" - -
::1 - - [14/Apr/2026:10:24:25 +0000] "GET /undefined HTTP/1.1" - -
::1 - - [14/Apr/2026:10:24:25 +0000] "GET /album HTTP/1.1" - -
::1 - - [14/Apr/2026:10:24:25 +0000] "GET /undefined HTTP/1.1" - -
::1 - - [14/Apr/2026:10:24:25 +0000] "GET /undefined HTTP/1.1" - -
::1 - - [14/Apr/2026:10:24:25 +0000] "GET /album HTTP/1.1" - -
::1 - - [14/Apr/2026:10:24:25 +0000] "GET /undefined HTTP/1.1" - -
::1 - - [14/Apr/2026:10:24:25 +0000] "GET /undefined HTTP/1.1" - -
::1 - - [14/Apr/2026:10:24:25 +0000] "GET /album HTTP/1.1" - -
::1 - - [14/Apr/2026:10:24:25 +0000] "GET /undefined HTTP/1.1" - -
::1 - - [14/Apr/2026:10:24:25 +0000] "GET /undefined HTTP/1.1" - -
::1 - - [14/Apr/2026:10:24:26 +0000] "GET /album HTTP/1.1" - -
::1 - - [14/Apr/2026:10:24:26 +0000] "GET /undefined HTTP/1.1" - -
::1 - - [14/Apr/2026:10:24:26 +0000] "GET /undefined HTTP/1.1" - -
::1 - - [14/Apr/2026:10:24:26 +0000] "GET /album HTTP/1.1" - -
::1 - - [14/Apr/2026:10:24:26 +0000] "GET /undefined HTTP/1.1" - -
::1 - - [14/Apr/2026:10:24:26 +0000] "GET /undefined HTTP/1.1" - -
::1 - - [14/Apr/2026:10:24:26 +0000] "GET /album HTTP/1.1" - -
::1 - - [14/Apr/2026:10:24:26 +0000] "GET /undefined HTTP/1.1" - -
::1 - - [14/Apr/2026:10:24:26 +0000] "GET /undefined HTTP/1.1" - -
::1 - - [14/Apr/2026:10:24:26 +0000] "GET /album HTTP/1.1" - -
::1 - - [14/Apr/2026:10:24:26 +0000] "GET /undefined HTTP/1.1" - -
::1 - - [14/Apr/2026:10:24:26 +0000] "GET /undefined HTTP/1.1" - -
::1 - - [14/Apr/2026:10:24:26 +0000] "GET /album HTTP/1.1" - -
::1 - - [14/Apr/2026:10:24:26 +0000] "GET /album HTTP/1.1" - -
::1 - - [14/Apr/2026:10:24:26 +0000] "GET /undefined HTTP/1.1" - -
::1 - - [14/Apr/2026:10:24:27 +0000] "GET /undefined HTTP/1.1" - -
::1 - - [14/Apr/2026:10:24:27 +0000] "GET /undefined HTTP/1.1" - -
::1 - - [14/Apr/2026:10:24:27 +0000] "GET /album HTTP/1.1" - -
::1 - - [14/Apr/2026:10:24:27 +0000] "GET /undefined HTTP/1.1" - -
::1 - - [14/Apr/2026:10:24:27 +0000] "GET /album HTTP/1.1" - -
::1 - - [14/Apr/2026:10:24:27 +0000] "GET /undefined HTTP/1.1" - -
::1 - - [14/Apr/2026:10:24:27 +0000] "GET /album HTTP/1.1" - -
::1 - - [14/Apr/2026:10:24:27 +0000] "GET /undefined HTTP/1.1" - -
::1 - - [14/Apr/2026:10:25:06 +0000] "GET /album HTTP/1.1" - -
::1 - - [27/Apr/2026:07:55:53 +0000] "GET / HTTP/1.1" - -
::1 - - [27/Apr/2026:07:55:53 +0000] "GET /artista HTTP/1.1" - -
::1 - - [27/Apr/2026:07:55:53 +0000] "GET /favicon.ico HTTP/1.1" - -
::1 - - [27/Apr/2026:07:55:57 +0000] "GET /artista/form/1 HTTP/1.1" - -
::1 - - [27/Apr/2026:07:55:59 +0000] "GET /artista HTTP/1.1" - -
::1 - - [27/Apr/2026:07:56:04 +0000] "GET /album HTTP/1.1" - -
::1 - - [27/Apr/2026:08:00:37 +0000] "GET /album HTTP/1.1" - -
::1 - - [27/Apr/2026:08:00:37 +0000] "GET /undefined HTTP/1.1" - -
::1 - - [27/Apr/2026:08:00:52 +0000] "GET /album HTTP/1.1" - -
::1 - - [27/Apr/2026:08:00:52 +0000] "GET /undefined HTTP/1.1" - -
::1 - - [27/Apr/2026:08:00:53 +0000] "GET /album HTTP/1.1" - -
::1 - - [27/Apr/2026:08:00:53 +0000] "GET /undefined HTTP/1.1" - -
::1 - - [27/Apr/2026:08:00:54 +0000] "GET /album HTTP/1.1" - -
::1 - - [27/Apr/2026:08:00:54 +0000] "GET /undefined HTTP/1.1" - -
::1 - - [27/Apr/2026:08:00:57 +0000] "GET /album HTTP/1.1" - -
::1 - - [27/Apr/2026:08:00:57 +0000] "GET /undefined HTTP/1.1" - -
::1 - - [27/Apr/2026:08:01:34 +0000] "GET /album HTTP/1.1" - -
::1 - - [27/Apr/2026:08:01:43 +0000] "GET /album HTTP/1.1" - -
::1 - - [27/Apr/2026:08:01:43 +0000] "GET /undefined HTTP/1.1" - -
::1 - - [27/Apr/2026:08:02:05 +0000] "GET /album HTTP/1.1" - -
::1 - - [27/Apr/2026:08:02:05 +0000] "GET /undefined HTTP/1.1" - -
::1 - - [27/Apr/2026:08:03:57 +0000] "GET /album HTTP/1.1" - -
::1 - - [27/Apr/2026:08:03:57 +0000] "GET /undefined HTTP/1.1" - -
::1 - - [27/Apr/2026:08:03:59 +0000] "GET /album HTTP/1.1" - -
::1 - - [27/Apr/2026:08:03:59 +0000] "GET /undefined HTTP/1.1" - -
::1 - - [27/Apr/2026:08:04:00 +0000] "GET /album HTTP/1.1" - -
::1 - - [27/Apr/2026:08:04:00 +0000] "GET /undefined HTTP/1.1" - -
::1 - - [27/Apr/2026:08:04:01 +0000] "GET /album HTTP/1.1" - -
::1 - - [27/Apr/2026:08:04:01 +0000] "GET /undefined HTTP/1.1" - -
::1 - - [27/Apr/2026:08:04:01 +0000] "GET /album HTTP/1.1" - -
::1 - - [27/Apr/2026:08:04:01 +0000] "GET /undefined HTTP/1.1" - -
::1 - - [27/Apr/2026:08:04:01 +0000] "GET /album HTTP/1.1" - -
::1 - - [27/Apr/2026:08:04:01 +0000] "GET /undefined HTTP/1.1" - -
::1 - - [27/Apr/2026:08:04:01 +0000] "GET /album HTTP/1.1" - -
::1 - - [27/Apr/2026:08:04:01 +0000] "GET /undefined HTTP/1.1" - -
::1 - - [27/Apr/2026:08:04:02 +0000] "GET /album HTTP/1.1" - -
::1 - - [27/Apr/2026:08:04:02 +0000] "GET /undefined HTTP/1.1" - -
::1 - - [27/Apr/2026:08:04:12 +0000] "GET /album HTTP/1.1" - -
::1 - - [27/Apr/2026:08:04:12 +0000] "GET /undefined HTTP/1.1" - -
::1 - - [27/Apr/2026:08:04:19 +0000] "GET /album HTTP/1.1" - -
::1 - - [27/Apr/2026:08:04:19 +0000] "GET /undefined HTTP/1.1" - -
::1 - - [27/Apr/2026:08:04:20 +0000] "GET /album HTTP/1.1" - -
::1 - - [27/Apr/2026:08:04:20 +0000] "GET /undefined HTTP/1.1" - -
::1 - - [27/Apr/2026:08:04:20 +0000] "GET /album HTTP/1.1" - -
::1 - - [27/Apr/2026:08:04:20 +0000] "GET /undefined HTTP/1.1" - -
::1 - - [27/Apr/2026:08:04:39 +0000] "GET /album HTTP/1.1" - -
::1 - - [27/Apr/2026:08:04:40 +0000] "GET /undefined HTTP/1.1" - -
::1 - - [27/Apr/2026:08:04:40 +0000] "GET /album HTTP/1.1" - -
::1 - - [27/Apr/2026:08:04:40 +0000] "GET /undefined HTTP/1.1" - -
::1 - - [27/Apr/2026:08:04:40 +0000] "GET /album HTTP/1.1" - -
::1 - - [27/Apr/2026:08:04:40 +0000] "GET /undefined HTTP/1.1" - -
::1 - - [27/Apr/2026:08:04:41 +0000] "GET /album HTTP/1.1" - -
::1 - - [27/Apr/2026:08:04:41 +0000] "GET /undefined HTTP/1.1" - -
::1 - - [27/Apr/2026:08:04:41 +0000] "GET /album HTTP/1.1" - -
::1 - - [27/Apr/2026:08:04:41 +0000] "GET /undefined HTTP/1.1" - -
::1 - - [27/Apr/2026:08:04:43 +0000] "GET /album HTTP/1.1" - -
::1 - - [27/Apr/2026:08:04:43 +0000] "GET /undefined HTTP/1.1" - -
::1 - - [27/Apr/2026:08:04:43 +0000] "GET /favicon.ico HTTP/1.1" - -
::1 - - [27/Apr/2026:08:04:49 +0000] "GET /album/form/undefined HTTP/1.1" - -
::1 - - [27/Apr/2026:08:04:49 +0000] "GET /album/form/undefined HTTP/1.1" - -
::1 - - [27/Apr/2026:08:04:50 +0000] "GET /album/form/undefined HTTP/1.1" - -
::1 - - [27/Apr/2026:08:06:02 +0000] "GET /album/form/undefined HTTP/1.1" - -
::1 - - [27/Apr/2026:08:06:02 +0000] "GET /album/form/undefined HTTP/1.1" - -
::1 - - [27/Apr/2026:08:06:03 +0000] "GET /album/form/undefined HTTP/1.1" - -
::1 - - [27/Apr/2026:08:06:03 +0000] "GET /album/form/undefined HTTP/1.1" - -
::1 - - [27/Apr/2026:08:06:03 +0000] "GET /album/form/undefined HTTP/1.1" - -
::1 - - [27/Apr/2026:08:06:12 +0000] "GET /album/form/undefined HTTP/1.1" - -
::1 - - [27/Apr/2026:08:06:12 +0000] "GET /album/form/undefined HTTP/1.1" - -
::1 - - [27/Apr/2026:08:06:12 +0000] "GET /album/form/undefined HTTP/1.1" - -
::1 - - [27/Apr/2026:08:07:53 +0000] "GET /album HTTP/1.1" - -
::1 - - [27/Apr/2026:08:07:53 +0000] "GET /undefined HTTP/1.1" - -
::1 - - [27/Apr/2026:08:07:54 +0000] "GET /album HTTP/1.1" - -
::1 - - [27/Apr/2026:08:07:54 +0000] "GET /undefined HTTP/1.1" - -
::1 - - [27/Apr/2026:08:07:58 +0000] "GET /album HTTP/1.1" - -
::1 - - [27/Apr/2026:08:07:58 +0000] "GET /undefined HTTP/1.1" - -
::1 - - [27/Apr/2026:08:07:59 +0000] "GET /album HTTP/1.1" - -
::1 - - [27/Apr/2026:08:07:59 +0000] "GET /undefined HTTP/1.1" - -
::1 - - [27/Apr/2026:08:07:59 +0000] "GET /album HTTP/1.1" - -
::1 - - [27/Apr/2026:08:07:59 +0000] "GET /undefined HTTP/1.1" - -
::1 - - [27/Apr/2026:08:07:59 +0000] "GET /album HTTP/1.1" - -
::1 - - [27/Apr/2026:08:07:59 +0000] "GET /undefined HTTP/1.1" - -
::1 - - [27/Apr/2026:08:09:22 +0000] "GET /album HTTP/1.1" - -
::1 - - [27/Apr/2026:08:09:22 +0000] "GET /undefined HTTP/1.1" - -
::1 - - [27/Apr/2026:08:09:26 +0000] "GET /album HTTP/1.1" - -
::1 - - [27/Apr/2026:08:09:26 +0000] "GET /undefined HTTP/1.1" - -
::1 - - [27/Apr/2026:08:09:49 +0000] "GET /album HTTP/1.1" - -
::1 - - [27/Apr/2026:08:14:17 +0000] "GET /album HTTP/1.1" - -
::1 - - [27/Apr/2026:08:14:20 +0000] "GET /album HTTP/1.1" - -
::1 - - [27/Apr/2026:08:14:20 +0000] "GET /undefined HTTP/1.1" - -
::1 - - [27/Apr/2026:08:14:36 +0000] "GET /album HTTP/1.1" - -
::1 - - [27/Apr/2026:08:14:36 +0000] "GET /undefined HTTP/1.1" - -
::1 - - [27/Apr/2026:08:14:37 +0000] "GET /album HTTP/1.1" - -
::1 - - [27/Apr/2026:08:14:37 +0000] "GET /undefined HTTP/1.1" - -
::1 - - [27/Apr/2026:08:14:40 +0000] "GET /album HTTP/1.1" - -
::1 - - [27/Apr/2026:08:14:41 +0000] "GET /album HTTP/1.1" - -
::1 - - [27/Apr/2026:08:14:46 +0000] "GET /.well-known/appspecific/com.chrome.devtools.json HTTP/1.1" - -
::1 - - [27/Apr/2026:08:14:48 +0000] "GET /album HTTP/1.1" - -
::1 - - [27/Apr/2026:08:14:48 +0000] "GET /.well-known/appspecific/com.chrome.devtools.json HTTP/1.1" - -
::1 - - [27/Apr/2026:08:15:52 +0000] "GET /album HTTP/1.1" - -
::1 - - [27/Apr/2026:08:15:52 +0000] "GET /.well-known/appspecific/com.chrome.devtools.json HTTP/1.1" - -
::1 - - [27/Apr/2026:08:15:52 +0000] "GET /undefined HTTP/1.1" - -
::1 - - [27/Apr/2026:08:16:06 +0000] "GET /album HTTP/1.1" - -
::1 - - [27/Apr/2026:08:16:07 +0000] "GET /.well-known/appspecific/com.chrome.devtools.json HTTP/1.1" - -
::1 - - [27/Apr/2026:08:16:07 +0000] "GET /album HTTP/1.1" - -
::1 - - [27/Apr/2026:08:16:07 +0000] "GET /.well-known/appspecific/com.chrome.devtools.json HTTP/1.1" - -
::1 - - [27/Apr/2026:11:52:29 +0000] "GET /album HTTP/1.1" - -
::1 - - [27/Apr/2026:11:52:29 +0000] "GET /.well-known/appspecific/com.chrome.devtools.json HTTP/1.1" - -
::1 - - [27/Apr/2026:11:52:54 +0000] "GET /album HTTP/1.1" - -
::1 - - [27/Apr/2026:11:52:54 +0000] "GET /.well-known/appspecific/com.chrome.devtools.json HTTP/1.1" - -
::1 - - [27/Apr/2026:11:53:28 +0000] "GET /album HTTP/1.1" - -
::1 - - [27/Apr/2026:11:53:28 +0000] "GET /.well-known/appspecific/com.chrome.devtools.json HTTP/1.1" - -
::1 - - [27/Apr/2026:11:53:29 +0000] "GET /album HTTP/1.1" - -
::1 - - [27/Apr/2026:11:53:29 +0000] "GET /.well-known/appspecific/com.chrome.devtools.json HTTP/1.1" - -
::1 - - [27/Apr/2026:11:53:44 +0000] "GET /album HTTP/1.1" - -
::1 - - [27/Apr/2026:11:53:45 +0000] "GET /.well-known/appspecific/com.chrome.devtools.json HTTP/1.1" - -
::1 - - [27/Apr/2026:11:53:45 +0000] "GET /album HTTP/1.1" - -
::1 - - [27/Apr/2026:11:53:45 +0000] "GET /.well-known/appspecific/com.chrome.devtools.json HTTP/1.1" - -
::1 - - [27/Apr/2026:11:54:33 +0000] "GET /album HTTP/1.1" - -
::1 - - [27/Apr/2026:11:54:33 +0000] "GET /.well-known/appspecific/com.chrome.devtools.json HTTP/1.1" - -
::1 - - [27/Apr/2026:11:54:33 +0000] "GET /album HTTP/1.1" - -
::1 - - [27/Apr/2026:11:54:33 +0000] "GET /.well-known/appspecific/com.chrome.devtools.json HTTP/1.1" - -
::1 - - [27/Apr/2026:11:54:45 +0000] "GET /album HTTP/1.1" - -
::1 - - [27/Apr/2026:11:54:45 +0000] "GET /.well-known/appspecific/com.chrome.devtools.json HTTP/1.1" - -
::1 - - [27/Apr/2026:11:55:20 +0000] "GET /album HTTP/1.1" - -
::1 - - [27/Apr/2026:11:55:20 +0000] "GET /.well-known/appspecific/com.chrome.devtools.json HTTP/1.1" - -
::1 - - [27/Apr/2026:11:55:30 +0000] "GET /artista/1 HTTP/1.1" - -
::1 - - [27/Apr/2026:11:55:32 +0000] "GET /artista HTTP/1.1" - -
::1 - - [27/Apr/2026:11:55:32 +0000] "GET /.well-known/appspecific/com.chrome.devtools.json HTTP/1.1" - -
::1 - - [27/Apr/2026:11:56:48 +0000] "GET /artista HTTP/1.1" - -
::1 - - [27/Apr/2026:11:56:48 +0000] "GET /.well-known/appspecific/com.chrome.devtools.json HTTP/1.1" - -
::1 - - [27/Apr/2026:11:56:51 +0000] "GET /.well-known/appspecific/com.chrome.devtools.json HTTP/1.1" - -
::1 - - [27/Apr/2026:11:56:51 +0000] "GET /album HTTP/1.1" - -
::1 - - [27/Apr/2026:11:56:51 +0000] "GET /.well-known/appspecific/com.chrome.devtools.json HTTP/1.1" - -
::1 - - [27/Apr/2026:11:56:54 +0000] "GET /album HTTP/1.1" - -
::1 - - [27/Apr/2026:11:56:54 +0000] "GET /.well-known/appspecific/com.chrome.devtools.json HTTP/1.1" - -
::1 - - [27/Apr/2026:11:56:55 +0000] "GET /album HTTP/1.1" - -
::1 - - [27/Apr/2026:11:56:55 +0000] "GET /.well-known/appspecific/com.chrome.devtools.json HTTP/1.1" - -
::1 - - [27/Apr/2026:11:56:55 +0000] "GET /album HTTP/1.1" - -
::1 - - [27/Apr/2026:11:56:55 +0000] "GET /.well-known/appspecific/com.chrome.devtools.json HTTP/1.1" - -
::1 - - [27/Apr/2026:11:56:55 +0000] "GET /album HTTP/1.1" - -
::1 - - [27/Apr/2026:11:56:55 +0000] "GET /.well-known/appspecific/com.chrome.devtools.json HTTP/1.1" - -
::1 - - [27/Apr/2026:11:58:16 +0000] "GET /album HTTP/1.1" - -
::1 - - [27/Apr/2026:11:58:16 +0000] "GET /.well-known/appspecific/com.chrome.devtools.json HTTP/1.1" - -
::1 - - [27/Apr/2026:11:58:19 +0000] "GET /album HTTP/1.1" - -
::1 - - [27/Apr/2026:11:58:19 +0000] "GET /.well-known/appspecific/com.chrome.devtools.json HTTP/1.1" - -
::1 - - [27/Apr/2026:11:58:19 +0000] "GET /album HTTP/1.1" - -
::1 - - [27/Apr/2026:11:58:19 +0000] "GET /.well-known/appspecific/com.chrome.devtools.json HTTP/1.1" - -
::1 - - [27/Apr/2026:12:01:38 +0000] "GET /album HTTP/1.1" - -
::1 - - [27/Apr/2026:12:01:38 +0000] "GET /.well-known/appspecific/com.chrome.devtools.json HTTP/1.1" - -
::1 - - [27/Apr/2026:12:01:39 +0000] "GET /album HTTP/1.1" - -
::1 - - [27/Apr/2026:12:01:39 +0000] "GET /.well-known/appspecific/com.chrome.devtools.json HTTP/1.1" - -
::1 - - [27/Apr/2026:12:01:39 +0000] "GET /album HTTP/1.1" - -
::1 - - [27/Apr/2026:12:01:39 +0000] "GET /.well-known/appspecific/com.chrome.devtools.json HTTP/1.1" - -
::1 - - [27/Apr/2026:12:01:39 +0000] "GET /album HTTP/1.1" - -
::1 - - [27/Apr/2026:12:01:39 +0000] "GET /.well-known/appspecific/com.chrome.devtools.json HTTP/1.1" - -
::1 - - [27/Apr/2026:12:01:39 +0000] "GET /album HTTP/1.1" - -
::1 - - [27/Apr/2026:12:01:39 +0000] "GET /.well-known/appspecific/com.chrome.devtools.json HTTP/1.1" - -
::1 - - [27/Apr/2026:12:01:39 +0000] "GET /album HTTP/1.1" - -
::1 - - [27/Apr/2026:12:01:39 +0000] "GET /.well-known/appspecific/com.chrome.devtools.json HTTP/1.1" - -
::1 - - [27/Apr/2026:12:01:40 +0000] "GET /.well-known/appspecific/com.chrome.devtools.json HTTP/1.1" - -
::1 - - [27/Apr/2026:12:01:41 +0000] "GET /.well-known/appspecific/com.chrome.devtools.json HTTP/1.1" - -
::1 - - [27/Apr/2026:12:01:41 +0000] "GET /.well-known/appspecific/com.chrome.devtools.json HTTP/1.1" - -
::1 - - [27/Apr/2026:12:01:42 +0000] "GET /album HTTP/1.1" - -
::1 - - [27/Apr/2026:12:01:42 +0000] "GET /.well-known/appspecific/com.chrome.devtools.json HTTP/1.1" - -
::1 - - [27/Apr/2026:12:01:42 +0000] "GET /favicon.ico HTTP/1.1" - -
::1 - - [27/Apr/2026:12:02:11 +0000] "GET /album HTTP/1.1" - -
::1 - - [27/Apr/2026:12:02:11 +0000] "GET /.well-known/appspecific/com.chrome.devtools.json HTTP/1.1" - -
::1 - - [27/Apr/2026:12:02:13 +0000] "GET /album HTTP/1.1" - -
::1 - - [27/Apr/2026:12:02:13 +0000] "GET /.well-known/appspecific/com.chrome.devtools.json HTTP/1.1" - -
::1 - - [27/Apr/2026:12:02:14 +0000] "GET /album HTTP/1.1" - -
::1 - - [27/Apr/2026:12:02:14 +0000] "GET /.well-known/appspecific/com.chrome.devtools.json HTTP/1.1" - -
::1 - - [27/Apr/2026:12:02:14 +0000] "GET /album HTTP/1.1" - -
::1 - - [27/Apr/2026:12:02:14 +0000] "GET /.well-known/appspecific/com.chrome.devtools.json HTTP/1.1" - -
::1 - - [27/Apr/2026:12:02:14 +0000] "GET /album HTTP/1.1" - -
::1 - - [27/Apr/2026:12:02:14 +0000] "GET /.well-known/appspecific/com.chrome.devtools.json HTTP/1.1" - -
::1 - - [27/Apr/2026:12:04:18 +0000] "GET /album HTTP/1.1" - -
::1 - - [27/Apr/2026:12:04:18 +0000] "GET /.well-known/appspecific/com.chrome.devtools.json HTTP/1.1" - -
::1 - - [27/Apr/2026:12:05:42 +0000] "GET /album HTTP/1.1" - -
::1 - - [27/Apr/2026:12:05:42 +0000] "GET /.well-known/appspecific/com.chrome.devtools.json HTTP/1.1" - -
::1 - - [27/Apr/2026:12:05:42 +0000] "GET /album HTTP/1.1" - -
::1 - - [27/Apr/2026:12:05:43 +0000] "GET /.well-known/appspecific/com.chrome.devtools.json HTTP/1.1" - -
::1 - - [27/Apr/2026:12:05:46 +0000] "GET /artista/1 HTTP/1.1" - -
::1 - - [27/Apr/2026:12:05:48 +0000] "GET /.well-known/appspecific/com.chrome.devtools.json HTTP/1.1" - -
::1 - - [27/Apr/2026:12:05:48 +0000] "GET /.well-known/appspecific/com.chrome.devtools.json HTTP/1.1" - -
::1 - - [27/Apr/2026:12:17:40 +0000] "GET /artista/1 HTTP/1.1" - -
::1 - - [27/Apr/2026:12:17:54 +0000] "GET /artista/1 HTTP/1.1" - -
::1 - - [27/Apr/2026:12:17:55 +0000] "GET /.well-known/appspecific/com.chrome.devtools.json HTTP/1.1" - -
::1 - - [27/Apr/2026:12:17:56 +0000] "GET /artista/1 HTTP/1.1" - -
::1 - - [27/Apr/2026:12:17:57 +0000] "GET /.well-known/appspecific/com.chrome.devtools.json HTTP/1.1" - -
::1 - - [27/Apr/2026:12:17:57 +0000] "GET /.well-known/appspecific/com.chrome.devtools.json HTTP/1.1" - -
::1 - - [27/Apr/2026:12:17:58 +0000] "GET /album HTTP/1.1" - -
::1 - - [27/Apr/2026:12:17:58 +0000] "GET /.well-known/appspecific/com.chrome.devtools.json HTTP/1.1" - -
::1 - - [27/Apr/2026:12:17:59 +0000] "GET /detalles/1 HTTP/1.1" - -
::1 - - [27/Apr/2026:12:18:31 +0000] "GET /detalles/1 HTTP/1.1" - -
::1 - - [27/Apr/2026:12:18:32 +0000] "GET /.well-known/appspecific/com.chrome.devtools.json HTTP/1.1" - -
::1 - - [27/Apr/2026:12:18:32 +0000] "GET /.well-known/appspecific/com.chrome.devtools.json HTTP/1.1" - -
::1 - - [27/Apr/2026:12:18:33 +0000] "GET /album HTTP/1.1" - -
::1 - - [27/Apr/2026:12:18:33 +0000] "GET /.well-known/appspecific/com.chrome.devtools.json HTTP/1.1" - -
::1 - - [27/Apr/2026:12:18:34 +0000] "GET /artista/detalles/1 HTTP/1.1" - -
::1 - - [27/Apr/2026:12:18:35 +0000] "GET /.well-known/appspecific/com.chrome.devtools.json HTTP/1.1" - -
::1 - - [27/Apr/2026:12:18:35 +0000] "GET /.well-known/appspecific/com.chrome.devtools.json HTTP/1.1" - -
::1 - - [27/Apr/2026:12:18:36 +0000] "GET /.well-known/appspecific/com.chrome.devtools.json HTTP/1.1" - -
::1 - - [27/Apr/2026:12:18:37 +0000] "GET /artista/form/1 HTTP/1.1" - -
::1 - - [27/Apr/2026:12:18:37 +0000] "GET /.well-known/appspecific/com.chrome.devtools.json HTTP/1.1" - -
::1 - - [27/Apr/2026:12:18:39 +0000] "GET /.well-known/appspecific/com.chrome.devtools.json HTTP/1.1" - -
::1 - - [27/Apr/2026:12:18:39 +0000] "GET /.well-known/appspecific/com.chrome.devtools.json HTTP/1.1" - -
::1 - - [27/Apr/2026:12:18:40 +0000] "GET /.well-known/appspecific/com.chrome.devtools.json HTTP/1.1" - -
::1 - - [27/Apr/2026:12:18:41 +0000] "GET /.well-known/appspecific/com.chrome.devtools.json HTTP/1.1" - -
::1 - - [27/Apr/2026:12:18:41 +0000] "GET /.well-known/appspecific/com.chrome.devtools.json HTTP/1.1" - -
::1 - - [27/Apr/2026:12:18:42 +0000] "GET /.well-known/appspecific/com.chrome.devtools.json HTTP/1.1" - -
::1 - - [27/Apr/2026:12:18:42 +0000] "GET /.well-known/appspecific/com.chrome.devtools.json HTTP/1.1" - -
::1 - - [27/Apr/2026:12:18:43 +0000] "GET /artista HTTP/1.1" - -
::1 - - [27/Apr/2026:12:18:43 +0000] "GET /.well-known/appspecific/com.chrome.devtools.json HTTP/1.1" - -
::1 - - [27/Apr/2026:12:18:48 +0000] "GET /album HTTP/1.1" - -
::1 - - [27/Apr/2026:12:18:48 +0000] "GET /.well-known/appspecific/com.chrome.devtools.json HTTP/1.1" - -
::1 - - [27/Apr/2026:12:18:49 +0000] "GET /artista/detalles/1 HTTP/1.1" - -
::1 - - [27/Apr/2026:12:18:51 +0000] "GET /.well-known/appspecific/com.chrome.devtools.json HTTP/1.1" - -
::1 - - [27/Apr/2026:12:18:51 +0000] "GET /.well-known/appspecific/com.chrome.devtools.json HTTP/1.1" - -
::1 - - [27/Apr/2026:12:18:52 +0000] "GET /artista/detalles/1 HTTP/1.1" - -
::1 - - [27/Apr/2026:12:18:59 +0000] "GET /artista/detalles/1 HTTP/1.1" - -
::1 - - [27/Apr/2026:12:19:01 +0000] "GET /.well-known/appspecific/com.chrome.devtools.json HTTP/1.1" - -
::1 - - [27/Apr/2026:12:19:01 +0000] "GET /.well-known/appspecific/com.chrome.devtools.json HTTP/1.1" - -
::1 - - [27/Apr/2026:12:19:01 +0000] "GET /album HTTP/1.1" - -
::1 - - [27/Apr/2026:12:19:01 +0000] "GET /.well-known/appspecific/com.chrome.devtools.json HTTP/1.1" - -
::1 - - [27/Apr/2026:12:19:02 +0000] "GET /artista/detalle/1 HTTP/1.1" - -
::1 - - [27/Apr/2026:12:22:49 +0000] "GET /artista/detalle/1 HTTP/1.1" - -
::1 - - [27/Apr/2026:12:23:00 +0000] "GET /artista/detalle/1 HTTP/1.1" - -
::1 - - [27/Apr/2026:12:23:01 +0000] "GET /artista/detalle/1 HTTP/1.1" - -
::1 - - [27/Apr/2026:12:23:18 +0000] "GET /artista/detalle/1 HTTP/1.1" - -
::1 - - [27/Apr/2026:12:23:43 +0000] "GET /artista/detalle/1 HTTP/1.1" - -
::1 - - [27/Apr/2026:12:23:43 +0000] "GET /artista/detalle/1 HTTP/1.1" - -
::1 - - [27/Apr/2026:12:23:44 +0000] "GET /artista/detalle/1 HTTP/1.1" - -
::1 - - [27/Apr/2026:12:23:44 +0000] "GET /artista/detalle/1 HTTP/1.1" - -
::1 - - [27/Apr/2026:12:23:58 +0000] "GET /artista/detalle/1 HTTP/1.1" - -
::1 - - [27/Apr/2026:12:23:58 +0000] "GET /.well-known/appspecific/com.chrome.devtools.json HTTP/1.1" - -
::1 - - [27/Apr/2026:12:24:06 +0000] "GET /album HTTP/1.1" - -
::1 - - [27/Apr/2026:12:24:06 +0000] "GET /.well-known/appspecific/com.chrome.devtools.json HTTP/1.1" - -
::1 - - [27/Apr/2026:12:24:10 +0000] "GET /.well-known/appspecific/com.chrome.devtools.json HTTP/1.1" - -
::1 - - [27/Apr/2026:12:24:10 +0000] "GET /.well-known/appspecific/com.chrome.devtools.json HTTP/1.1" - -
::1 - - [27/Apr/2026:12:26:04 +0000] "GET /album HTTP/1.1" - -
::1 - - [27/Apr/2026:12:26:04 +0000] "GET /.well-known/appspecific/com.chrome.devtools.json HTTP/1.1" - -
::1 - - [27/Apr/2026:12:26:13 +0000] "GET /album/form/1 HTTP/1.1" - -
::1 - - [27/Apr/2026:12:26:13 +0000] "GET /.well-known/appspecific/com.chrome.devtools.json HTTP/1.1" - -
::1 - - [27/Apr/2026:12:26:13 +0000] "GET /artista/api/1 HTTP/1.1" - -
::1 - - [27/Apr/2026:12:26:16 +0000] "GET /artista/api/2 HTTP/1.1" - -
::1 - - [27/Apr/2026:12:26:17 +0000] "POST /album/save HTTP/1.1" - -
::1 - - [27/Apr/2026:12:26:18 +0000] "GET /album HTTP/1.1" - -
::1 - - [27/Apr/2026:12:26:18 +0000] "GET /.well-known/appspecific/com.chrome.devtools.json HTTP/1.1" - -
::1 - - [27/Apr/2026:12:26:20 +0000] "GET /album/form/1 HTTP/1.1" - -
::1 - - [27/Apr/2026:12:26:20 +0000] "GET /.well-known/appspecific/com.chrome.devtools.json HTTP/1.1" - -
::1 - - [27/Apr/2026:12:26:20 +0000] "GET /artista/api/2 HTTP/1.1" - -
::1 - - [27/Apr/2026:12:26:21 +0000] "GET /artista/api/3 HTTP/1.1" - -
::1 - - [27/Apr/2026:12:26:22 +0000] "POST /album/save HTTP/1.1" - -
::1 - - [27/Apr/2026:12:26:22 +0000] "GET /album HTTP/1.1" - -
::1 - - [27/Apr/2026:12:26:22 +0000] "GET /.well-known/appspecific/com.chrome.devtools.json HTTP/1.1" - -
::1 - - [27/Apr/2026:12:26:23 +0000] "GET /album/form/1 HTTP/1.1" - -
::1 - - [27/Apr/2026:12:26:23 +0000] "GET /.well-known/appspecific/com.chrome.devtools.json HTTP/1.1" - -
::1 - - [27/Apr/2026:12:26:23 +0000] "GET /artista/api/3 HTTP/1.1" - -
::1 - - [27/Apr/2026:12:26:25 +0000] "GET /artista/api/4 HTTP/1.1" - -
::1 - - [27/Apr/2026:12:26:25 +0000] "POST /album/save HTTP/1.1" - -
::1 - - [27/Apr/2026:12:26:25 +0000] "GET /album HTTP/1.1" - -
::1 - - [27/Apr/2026:12:26:25 +0000] "GET /.well-known/appspecific/com.chrome.devtools.json HTTP/1.1" - -
::1 - - [27/Apr/2026:12:26:27 +0000] "GET /album/form/2 HTTP/1.1" - -
::1 - - [27/Apr/2026:12:26:27 +0000] "GET /.well-known/appspecific/com.chrome.devtools.json HTTP/1.1" - -
::1 - - [27/Apr/2026:12:26:27 +0000] "GET /artista/api/1 HTTP/1.1" - -
::1 - - [27/Apr/2026:12:26:28 +0000] "POST /album/save HTTP/1.1" - -
::1 - - [27/Apr/2026:12:26:28 +0000] "GET /album HTTP/1.1" - -
::1 - - [27/Apr/2026:12:26:28 +0000] "GET /.well-known/appspecific/com.chrome.devtools.json HTTP/1.1" - -
::1 - - [27/Apr/2026:12:27:27 +0000] "GET /album/form/2 HTTP/1.1" - -
::1 - - [27/Apr/2026:12:27:27 +0000] "GET /.well-known/appspecific/com.chrome.devtools.json HTTP/1.1" - -
::1 - - [27/Apr/2026:12:28:44 +0000] "GET /album/form/2 HTTP/1.1" - -
::1 - - [27/Apr/2026:12:28:44 +0000] "GET /.well-known/appspecific/com.chrome.devtools.json HTTP/1.1" - -
::1 - - [27/Apr/2026:12:30:22 +0000] "GET /album/form/2 HTTP/1.1" - -
::1 - - [27/Apr/2026:12:30:22 +0000] "GET /.well-known/appspecific/com.chrome.devtools.json HTTP/1.1" - -
::1 - - [27/Apr/2026:12:30:22 +0000] "GET /artista/api/1 HTTP/1.1" - -
::1 - - [27/Apr/2026:12:30:23 +0000] "GET /artista/api/2 HTTP/1.1" - -
::1 - - [27/Apr/2026:12:30:23 +0000] "GET /artista/api/3 HTTP/1.1" - -
::1 - - [27/Apr/2026:12:30:24 +0000] "GET /artista/api/2 HTTP/1.1" - -
::1 - - [27/Apr/2026:12:30:24 +0000] "GET /artista/api/1 HTTP/1.1" - -
::1 - - [27/Apr/2026:12:30:32 +0000] "GET /album/form/2 HTTP/1.1" - -
::1 - - [27/Apr/2026:12:30:32 +0000] "GET /.well-known/appspecific/com.chrome.devtools.json HTTP/1.1" - -
::1 - - [27/Apr/2026:12:30:32 +0000] "GET /artista/api/1 HTTP/1.1" - -
::1 - - [27/Apr/2026:12:30:33 +0000] "GET /artista/api/2 HTTP/1.1" - -
::1 - - [27/Apr/2026:12:30:33 +0000] "GET /artista/api/3 HTTP/1.1" - -
::1 - - [27/Apr/2026:12:30:34 +0000] "GET /artista/api/2 HTTP/1.1" - -
::1 - - [27/Apr/2026:12:30:34 +0000] "GET /artista/api/1 HTTP/1.1" - -
::1 - - [27/Apr/2026:12:30:35 +0000] "GET /artista/api/2 HTTP/1.1" - -
::1 - - [27/Apr/2026:12:30:36 +0000] "POST /album/save HTTP/1.1" - -
::1 - - [27/Apr/2026:12:30:36 +0000] "GET /album HTTP/1.1" - -
::1 - - [27/Apr/2026:12:30:36 +0000] "GET /.well-known/appspecific/com.chrome.devtools.json HTTP/1.1" - -
::1 - - [27/Apr/2026:12:31:09 +0000] "GET /album/form/3 HTTP/1.1" - -
::1 - - [27/Apr/2026:12:31:09 +0000] "GET /.well-known/appspecific/com.chrome.devtools.json HTTP/1.1" - -
::1 - - [27/Apr/2026:12:31:09 +0000] "GET /artista/api/1 HTTP/1.1" - -
::1 - - [27/Apr/2026:12:31:12 +0000] "GET /artista/api/2 HTTP/1.1" - -
::1 - - [27/Apr/2026:12:31:14 +0000] "POST /album/save HTTP/1.1" - -
::1 - - [27/Apr/2026:12:31:14 +0000] "GET /album HTTP/1.1" - -
::1 - - [27/Apr/2026:12:31:14 +0000] "GET /.well-known/appspecific/com.chrome.devtools.json HTTP/1.1" - -
::1 - - [27/Apr/2026:12:31:21 +0000] "GET /album/form/3 HTTP/1.1" - -
::1 - - [27/Apr/2026:12:31:21 +0000] "GET /.well-known/appspecific/com.chrome.devtools.json HTTP/1.1" - -
::1 - - [27/Apr/2026:12:31:21 +0000] "GET /artista/api/2 HTTP/1.1" - -
::1 - - [27/Apr/2026:12:31:23 +0000] "GET /artista/api/3 HTTP/1.1" - -
::1 - - [27/Apr/2026:12:31:25 +0000] "GET /artista/api/3 HTTP/1.1" - -
::1 - - [27/Apr/2026:12:31:29 +0000] "POST /album/save HTTP/1.1" - -
::1 - - [27/Apr/2026:12:31:29 +0000] "GET /album HTTP/1.1" - -
::1 - - [27/Apr/2026:12:31:29 +0000] "GET /.well-known/appspecific/com.chrome.devtools.json HTTP/1.1" - -
::1 - - [27/Apr/2026:12:31:33 +0000] "GET /album/form/3 HTTP/1.1" - -
::1 - - [27/Apr/2026:12:31:33 +0000] "GET /.well-known/appspecific/com.chrome.devtools.json HTTP/1.1" - -
::1 - - [27/Apr/2026:12:31:33 +0000] "GET /artista/api/3 HTTP/1.1" - -
::1 - - [27/Apr/2026:12:31:34 +0000] "POST /album/save HTTP/1.1" - -
::1 - - [27/Apr/2026:12:31:34 +0000] "GET /album HTTP/1.1" - -
::1 - - [27/Apr/2026:12:31:35 +0000] "GET /.well-known/appspecific/com.chrome.devtools.json HTTP/1.1" - -
::1 - - [27/Apr/2026:12:31:55 +0000] "GET /album/form/3 HTTP/1.1" - -
::1 - - [27/Apr/2026:12:31:55 +0000] "GET /.well-known/appspecific/com.chrome.devtools.json HTTP/1.1" - -
::1 - - [27/Apr/2026:12:31:55 +0000] "GET /artista/api/1 HTTP/1.1" - -
::1 - - [27/Apr/2026:12:31:57 +0000] "GET /artista/api/2 HTTP/1.1" - -
::1 - - [27/Apr/2026:12:31:59 +0000] "POST /album/save HTTP/1.1" - -
::1 - - [27/Apr/2026:12:31:59 +0000] "GET /album HTTP/1.1" - -
::1 - - [27/Apr/2026:12:31:59 +0000] "GET /.well-known/appspecific/com.chrome.devtools.json HTTP/1.1" - -
::1 - - [27/Apr/2026:12:33:10 +0000] "GET /album HTTP/1.1" - -
::1 - - [27/Apr/2026:12:33:10 +0000] "GET /.well-known/appspecific/com.chrome.devtools.json HTTP/1.1" - -
::1 - - [27/Apr/2026:12:33:11 +0000] "GET /album/form/3 HTTP/1.1" - -
::1 - - [27/Apr/2026:12:33:11 +0000] "GET /.well-known/appspecific/com.chrome.devtools.json HTTP/1.1" - -
::1 - - [27/Apr/2026:12:33:11 +0000] "GET /artista/api/1 HTTP/1.1" - -
::1 - - [27/Apr/2026:12:33:12 +0000] "GET /artista/api/2 HTTP/1.1" - -
::1 - - [27/Apr/2026:12:33:13 +0000] "POST /album/save HTTP/1.1" - -
::1 - - [27/Apr/2026:12:33:13 +0000] "GET /album HTTP/1.1" - -
::1 - - [27/Apr/2026:12:33:13 +0000] "GET /.well-known/appspecific/com.chrome.devtools.json HTTP/1.1" - -
::1 - - [27/Apr/2026:12:33:15 +0000] "GET /album/form/2 HTTP/1.1" - -
::1 - - [27/Apr/2026:12:33:15 +0000] "GET /.well-known/appspecific/com.chrome.devtools.json HTTP/1.1" - -
::1 - - [27/Apr/2026:12:33:15 +0000] "GET /artista/api/1 HTTP/1.1" - -
::1 - - [27/Apr/2026:12:33:16 +0000] "GET /artista/api/2 HTTP/1.1" - -
::1 - - [27/Apr/2026:12:33:17 +0000] "GET /artista/api/3 HTTP/1.1" - -
::1 - - [27/Apr/2026:12:33:19 +0000] "POST /album/save HTTP/1.1" - -
::1 - - [27/Apr/2026:12:33:19 +0000] "GET /album HTTP/1.1" - -
::1 - - [27/Apr/2026:12:33:19 +0000] "GET /.well-known/appspecific/com.chrome.devtools.json HTTP/1.1" - -
::1 - - [27/Apr/2026:12:33:21 +0000] "GET /artista/detalle/3 HTTP/1.1" - -
::1 - - [27/Apr/2026:12:33:21 +0000] "GET /.well-known/appspecific/com.chrome.devtools.json HTTP/1.1" - -
::1 - - [27/Apr/2026:12:33:26 +0000] "GET /artista HTTP/1.1" - -
::1 - - [27/Apr/2026:12:33:26 +0000] "GET /.well-known/appspecific/com.chrome.devtools.json HTTP/1.1" - -
::1 - - [27/Apr/2026:12:33:30 +0000] "GET /artista/delete/1 HTTP/1.1" - -
::1 - - [27/Apr/2026:12:33:30 +0000] "GET /artista HTTP/1.1" - -
::1 - - [27/Apr/2026:12:33:30 +0000] "GET /.well-known/appspecific/com.chrome.devtools.json HTTP/1.1" - -
::1 - - [27/Apr/2026:12:33:30 +0000] "GET /artista/delete/2 HTTP/1.1" - -
::1 - - [27/Apr/2026:12:33:30 +0000] "GET /artista HTTP/1.1" - -
::1 - - [27/Apr/2026:12:33:30 +0000] "GET /.well-known/appspecific/com.chrome.devtools.json HTTP/1.1" - -
::1 - - [27/Apr/2026:12:33:30 +0000] "GET /artista/delete/3 HTTP/1.1" - -
::1 - - [27/Apr/2026:12:33:30 +0000] "GET /artista HTTP/1.1" - -
::1 - - [27/Apr/2026:12:33:30 +0000] "GET /.well-known/appspecific/com.chrome.devtools.json HTTP/1.1" - -
::1 - - [27/Apr/2026:12:33:31 +0000] "GET /artista/delete/4 HTTP/1.1" - -
::1 - - [27/Apr/2026:12:33:31 +0000] "GET /artista HTTP/1.1" - -
::1 - - [27/Apr/2026:12:33:31 +0000] "GET /.well-known/appspecific/com.chrome.devtools.json HTTP/1.1" - -
::1 - - [27/Apr/2026:12:33:31 +0000] "GET /artista/delete/5 HTTP/1.1" - -
::1 - - [27/Apr/2026:12:33:31 +0000] "GET /artista HTTP/1.1" - -
::1 - - [27/Apr/2026:12:33:31 +0000] "GET /.well-known/appspecific/com.chrome.devtools.json HTTP/1.1" - -
::1 - - [27/Apr/2026:12:33:32 +0000] "GET /artista/delete/6 HTTP/1.1" - -
::1 - - [27/Apr/2026:12:33:32 +0000] "GET /artista HTTP/1.1" - -
::1 - - [27/Apr/2026:12:33:32 +0000] "GET /.well-known/appspecific/com.chrome.devtools.json HTTP/1.1" - -
